// Jest Snapshot v1, https://goo.gl/fbAQLP

exports[`renders org permissions with default values 1`] = `
<div
  className="permissions"
>
  <div
    aria-label="organization-permissions"
    className="organization-permissions"
  >
    <div
      className="org-permission-item tableobject"
    >
      <div
        className="tableobject-cell-primary"
      >
        <div
          className="text-bold"
        >
          Members
          <a
            aria-label="info"
            className="link"
            href="https://docs.github.com/v3/apps/permissions/#permission-on-members"
          >
            <img
              alt=""
              className="info-img"
              height="16px"
              src="icon.png"
              width="16px"
            />
          </a>
        </div>
        <p
          className="note"
        >
          Organization members and teams.
        </p>
      </div>
      <div
        className="tableobject-cell-intermediate"
      >
        Access:
      </div>
      <div
        className="tableobject-cell-secondary"
      >
        <details
          className="SelectMenu__StyledSelectMenu-sc-12xd8o8-0 dxFRtv"
          onToggle={[Function]}
          open={false}
        >
          <summary
            className="ButtonBase-exshql-0 Button-sc-1cuu878-0 bdhCrA iJXmtE selectmenu-button"
          >
            <span
              className="selectmenu-button-text"
            >
              No access
            </span>
            <img
              alt=""
              className="down-img"
              src="downarrow.png"
            />
          </summary>
          <div
            className="SelectMenuModal__ModalWrapper-fv9zw3-1 dlCqxE"
            role="menu"
          >
            <div
              className="SelectMenuModal__Modal-fv9zw3-0 eAAiUL"
              width="212px"
            >
              <header
                className="SelectMenuHeader__StyledHeader-sc-1njvopm-1 iFZGXN"
              >
                <h3
                  className="SelectMenuHeader__SelectMenuTitle-sc-1njvopm-0 ggeHFz"
                >
                  <span>
                    Select an access level
                  </span>
                  <button
                    aria-label="close menu"
                    className="cross-img-button"
                    onClick={[Function]}
                    type="button"
                  >
                    <img
                      alt=""
                      className="cross-img"
                      height="10px"
                      src="cross.png"
                      width="10px"
                    />
                  </button>
                </h3>
              </header>
              <div
                className="SelectMenuList-uflcju-0 erwbXU"
              >
                <a
                  aria-checked={false}
                  className="SelectMenuItem__StyledItem-sc-13zu9d-0 jDrvbI"
                  onClick={[Function]}
                  role="menuitemcheckbox"
                >
                  <svg
                    aria-hidden="true"
                    className="StyledOcticon-sc-7ly0uy-0 fBbUTV SelectMenu-icon SelectMenu-selected-icon"
                    dangerouslySetInnerHTML={
                      Object {
                        "__html": "<path fill-rule=\\"evenodd\\" d=\\"M13.78 4.22a.75.75 0 010 1.06l-7.25 7.25a.75.75 0 01-1.06 0L2.22 9.28a.75.75 0 011.06-1.06L6 10.94l6.72-6.72a.75.75 0 011.06 0z\\"></path>",
                      }
                    }
                    fill="currentColor"
                    height={16}
                    role="img"
                    style={
                      Object {
                        "display": "inline-block",
                        "userSelect": "none",
                        "verticalAlign": "text-bottom",
                      }
                    }
                    viewBox="0 0 16 16"
                    width={16}
                  />
                  <div
                    className="input-access"
                  >
                    <div
                      className="input-access-tick"
                    >
                      <img
                        alt=""
                        aria-label="checked"
                        className="tick-img"
                        height="16px"
                        hidden={false}
                        src="tick.png"
                        width="16px"
                      />
                    </div>
                    <div
                      className="input-access-text"
                    >
                      No access
                    </div>
                  </div>
                </a>
                <a
                  aria-checked={false}
                  className="SelectMenuItem__StyledItem-sc-13zu9d-0 jDrvbI"
                  onClick={[Function]}
                  role="menuitemcheckbox"
                >
                  <svg
                    aria-hidden="true"
                    className="StyledOcticon-sc-7ly0uy-0 fBbUTV SelectMenu-icon SelectMenu-selected-icon"
                    dangerouslySetInnerHTML={
                      Object {
                        "__html": "<path fill-rule=\\"evenodd\\" d=\\"M13.78 4.22a.75.75 0 010 1.06l-7.25 7.25a.75.75 0 01-1.06 0L2.22 9.28a.75.75 0 011.06-1.06L6 10.94l6.72-6.72a.75.75 0 011.06 0z\\"></path>",
                      }
                    }
                    fill="currentColor"
                    height={16}
                    role="img"
                    style={
                      Object {
                        "display": "inline-block",
                        "userSelect": "none",
                        "verticalAlign": "text-bottom",
                      }
                    }
                    viewBox="0 0 16 16"
                    width={16}
                  />
                  <div
                    className="input-access"
                  >
                    <div
                      className="input-access-tick"
                    >
                      <img
                        alt=""
                        aria-label="checked"
                        className="tick-img"
                        height="16px"
                        hidden={true}
                        src="tick.png"
                        width="16px"
                      />
                    </div>
                    <div
                      className="input-access-text"
                    >
                      Read-only
                    </div>
                  </div>
                </a>
                <a
                  aria-checked={false}
                  className="SelectMenuItem__StyledItem-sc-13zu9d-0 jDrvbI"
                  onClick={[Function]}
                  role="menuitemcheckbox"
                >
                  <svg
                    aria-hidden="true"
                    className="StyledOcticon-sc-7ly0uy-0 fBbUTV SelectMenu-icon SelectMenu-selected-icon"
                    dangerouslySetInnerHTML={
                      Object {
                        "__html": "<path fill-rule=\\"evenodd\\" d=\\"M13.78 4.22a.75.75 0 010 1.06l-7.25 7.25a.75.75 0 01-1.06 0L2.22 9.28a.75.75 0 011.06-1.06L6 10.94l6.72-6.72a.75.75 0 011.06 0z\\"></path>",
                      }
                    }
                    fill="currentColor"
                    height={16}
                    role="img"
                    style={
                      Object {
                        "display": "inline-block",
                        "userSelect": "none",
                        "verticalAlign": "text-bottom",
                      }
                    }
                    viewBox="0 0 16 16"
                    width={16}
                  />
                  <div
                    className="input-access"
                  >
                    <div
                      className="input-access-tick"
                    >
                      <img
                        alt=""
                        aria-label="checked"
                        className="tick-img"
                        height="16px"
                        hidden={true}
                        src="tick.png"
                        width="16px"
                      />
                    </div>
                    <div
                      className="input-access-text"
                    >
                      Read & Write
                    </div>
                  </div>
                </a>
              </div>
            </div>
          </div>
        </details>
      </div>
    </div>
    <div
      className="org-permission-item tableobject"
    >
      <div
        className="tableobject-cell-primary"
      >
        <div
          className="text-bold"
        >
          Administration
          <a
            aria-label="info"
            className="link"
            href="https://docs.github.com/v3/apps/permissions/#permission-on-organization-administration"
          >
            <img
              alt=""
              className="info-img"
              height="16px"
              src="icon.png"
              width="16px"
            />
          </a>
        </div>
        <p
          className="note"
        >
          Manage access to an organization.
        </p>
      </div>
      <div
        className="tableobject-cell-intermediate"
      >
        Access:
      </div>
      <div
        className="tableobject-cell-secondary"
      >
        <details
          className="SelectMenu__StyledSelectMenu-sc-12xd8o8-0 dxFRtv"
          onToggle={[Function]}
          open={false}
        >
          <summary
            className="ButtonBase-exshql-0 Button-sc-1cuu878-0 bdhCrA iJXmtE selectmenu-button"
          >
            <span
              className="selectmenu-button-text"
            >
              No access
            </span>
            <img
              alt=""
              className="down-img"
              src="downarrow.png"
            />
          </summary>
          <div
            className="SelectMenuModal__ModalWrapper-fv9zw3-1 dlCqxE"
            role="menu"
          >
            <div
              className="SelectMenuModal__Modal-fv9zw3-0 eAAiUL"
              width="212px"
            >
              <header
                className="SelectMenuHeader__StyledHeader-sc-1njvopm-1 iFZGXN"
              >
                <h3
                  className="SelectMenuHeader__SelectMenuTitle-sc-1njvopm-0 ggeHFz"
                >
                  <span>
                    Select an access level
                  </span>
                  <button
                    aria-label="close menu"
                    className="cross-img-button"
                    onClick={[Function]}
                    type="button"
                  >
                    <img
                      alt=""
                      className="cross-img"
                      height="10px"
                      src="cross.png"
                      width="10px"
                    />
                  </button>
                </h3>
              </header>
              <div
                className="SelectMenuList-uflcju-0 erwbXU"
              >
                <a
                  aria-checked={false}
                  className="SelectMenuItem__StyledItem-sc-13zu9d-0 jDrvbI"
                  onClick={[Function]}
                  role="menuitemcheckbox"
                >
                  <svg
                    aria-hidden="true"
                    className="StyledOcticon-sc-7ly0uy-0 fBbUTV SelectMenu-icon SelectMenu-selected-icon"
                    dangerouslySetInnerHTML={
                      Object {
                        "__html": "<path fill-rule=\\"evenodd\\" d=\\"M13.78 4.22a.75.75 0 010 1.06l-7.25 7.25a.75.75 0 01-1.06 0L2.22 9.28a.75.75 0 011.06-1.06L6 10.94l6.72-6.72a.75.75 0 011.06 0z\\"></path>",
                      }
                    }
                    fill="currentColor"
                    height={16}
                    role="img"
                    style={
                      Object {
                        "display": "inline-block",
                        "userSelect": "none",
                        "verticalAlign": "text-bottom",
                      }
                    }
                    viewBox="0 0 16 16"
                    width={16}
                  />
                  <div
                    className="input-access"
                  >
                    <div
                      className="input-access-tick"
                    >
                      <img
                        alt=""
                        aria-label="checked"
                        className="tick-img"
                        height="16px"
                        hidden={false}
                        src="tick.png"
                        width="16px"
                      />
                    </div>
                    <div
                      className="input-access-text"
                    >
                      No access
                    </div>
                  </div>
                </a>
                <a
                  aria-checked={false}
                  className="SelectMenuItem__StyledItem-sc-13zu9d-0 jDrvbI"
                  onClick={[Function]}
                  role="menuitemcheckbox"
                >
                  <svg
                    aria-hidden="true"
                    className="StyledOcticon-sc-7ly0uy-0 fBbUTV SelectMenu-icon SelectMenu-selected-icon"
                    dangerouslySetInnerHTML={
                      Object {
                        "__html": "<path fill-rule=\\"evenodd\\" d=\\"M13.78 4.22a.75.75 0 010 1.06l-7.25 7.25a.75.75 0 01-1.06 0L2.22 9.28a.75.75 0 011.06-1.06L6 10.94l6.72-6.72a.75.75 0 011.06 0z\\"></path>",
                      }
                    }
                    fill="currentColor"
                    height={16}
                    role="img"
                    style={
                      Object {
                        "display": "inline-block",
                        "userSelect": "none",
                        "verticalAlign": "text-bottom",
                      }
                    }
                    viewBox="0 0 16 16"
                    width={16}
                  />
                  <div
                    className="input-access"
                  >
                    <div
                      className="input-access-tick"
                    >
                      <img
                        alt=""
                        aria-label="checked"
                        className="tick-img"
                        height="16px"
                        hidden={true}
                        src="tick.png"
                        width="16px"
                      />
                    </div>
                    <div
                      className="input-access-text"
                    >
                      Read-only
                    </div>
                  </div>
                </a>
                <a
                  aria-checked={false}
                  className="SelectMenuItem__StyledItem-sc-13zu9d-0 jDrvbI"
                  onClick={[Function]}
                  role="menuitemcheckbox"
                >
                  <svg
                    aria-hidden="true"
                    className="StyledOcticon-sc-7ly0uy-0 fBbUTV SelectMenu-icon SelectMenu-selected-icon"
                    dangerouslySetInnerHTML={
                      Object {
                        "__html": "<path fill-rule=\\"evenodd\\" d=\\"M13.78 4.22a.75.75 0 010 1.06l-7.25 7.25a.75.75 0 01-1.06 0L2.22 9.28a.75.75 0 011.06-1.06L6 10.94l6.72-6.72a.75.75 0 011.06 0z\\"></path>",
                      }
                    }
                    fill="currentColor"
                    height={16}
                    role="img"
                    style={
                      Object {
                        "display": "inline-block",
                        "userSelect": "none",
                        "verticalAlign": "text-bottom",
                      }
                    }
                    viewBox="0 0 16 16"
                    width={16}
                  />
                  <div
                    className="input-access"
                  >
                    <div
                      className="input-access-tick"
                    >
                      <img
                        alt=""
                        aria-label="checked"
                        className="tick-img"
                        height="16px"
                        hidden={true}
                        src="tick.png"
                        width="16px"
                      />
                    </div>
                    <div
                      className="input-access-text"
                    >
                      Read & Write
                    </div>
                  </div>
                </a>
              </div>
            </div>
          </div>
        </details>
      </div>
    </div>
    <div
      className="org-permission-item tableobject"
    >
      <div
        className="tableobject-cell-primary"
      >
        <div
          className="text-bold"
        >
          Webhooks
          <a
            aria-label="info"
            className="link"
            href="https://docs.github.com/v3/apps/permissions/#permission-on-organization-hooks"
          >
            <img
              alt=""
              className="info-img"
              height="16px"
              src="icon.png"
              width="16px"
            />
          </a>
        </div>
        <p
          className="note"
        >
          Manage the post-receive hooks for an organization.
        </p>
      </div>
      <div
        className="tableobject-cell-intermediate"
      >
        Access:
      </div>
      <div
        className="tableobject-cell-secondary"
      >
        <details
          className="SelectMenu__StyledSelectMenu-sc-12xd8o8-0 dxFRtv"
          onToggle={[Function]}
          open={false}
        >
          <summary
            className="ButtonBase-exshql-0 Button-sc-1cuu878-0 bdhCrA iJXmtE selectmenu-button"
          >
            <span
              className="selectmenu-button-text"
            >
              No access
            </span>
            <img
              alt=""
              className="down-img"
              src="downarrow.png"
            />
          </summary>
          <div
            className="SelectMenuModal__ModalWrapper-fv9zw3-1 dlCqxE"
            role="menu"
          >
            <div
              className="SelectMenuModal__Modal-fv9zw3-0 eAAiUL"
              width="212px"
            >
              <header
                className="SelectMenuHeader__StyledHeader-sc-1njvopm-1 iFZGXN"
              >
                <h3
                  className="SelectMenuHeader__SelectMenuTitle-sc-1njvopm-0 ggeHFz"
                >
                  <span>
                    Select an access level
                  </span>
                  <button
                    aria-label="close menu"
                    className="cross-img-button"
                    onClick={[Function]}
                    type="button"
                  >
                    <img
                      alt=""
                      className="cross-img"
                      height="10px"
                      src="cross.png"
                      width="10px"
                    />
                  </button>
                </h3>
              </header>
              <div
                className="SelectMenuList-uflcju-0 erwbXU"
              >
                <a
                  aria-checked={false}
                  className="SelectMenuItem__StyledItem-sc-13zu9d-0 jDrvbI"
                  onClick={[Function]}
                  role="menuitemcheckbox"
                >
                  <svg
                    aria-hidden="true"
                    className="StyledOcticon-sc-7ly0uy-0 fBbUTV SelectMenu-icon SelectMenu-selected-icon"
                    dangerouslySetInnerHTML={
                      Object {
                        "__html": "<path fill-rule=\\"evenodd\\" d=\\"M13.78 4.22a.75.75 0 010 1.06l-7.25 7.25a.75.75 0 01-1.06 0L2.22 9.28a.75.75 0 011.06-1.06L6 10.94l6.72-6.72a.75.75 0 011.06 0z\\"></path>",
                      }
                    }
                    fill="currentColor"
                    height={16}
                    role="img"
                    style={
                      Object {
                        "display": "inline-block",
                        "userSelect": "none",
                        "verticalAlign": "text-bottom",
                      }
                    }
                    viewBox="0 0 16 16"
                    width={16}
                  />
                  <div
                    className="input-access"
                  >
                    <div
                      className="input-access-tick"
                    >
                      <img
                        alt=""
                        aria-label="checked"
                        className="tick-img"
                        height="16px"
                        hidden={false}
                        src="tick.png"
                        width="16px"
                      />
                    </div>
                    <div
                      className="input-access-text"
                    >
                      No access
                    </div>
                  </div>
                </a>
                <a
                  aria-checked={false}
                  className="SelectMenuItem__StyledItem-sc-13zu9d-0 jDrvbI"
                  onClick={[Function]}
                  role="menuitemcheckbox"
                >
                  <svg
                    aria-hidden="true"
                    className="StyledOcticon-sc-7ly0uy-0 fBbUTV SelectMenu-icon SelectMenu-selected-icon"
                    dangerouslySetInnerHTML={
                      Object {
                        "__html": "<path fill-rule=\\"evenodd\\" d=\\"M13.78 4.22a.75.75 0 010 1.06l-7.25 7.25a.75.75 0 01-1.06 0L2.22 9.28a.75.75 0 011.06-1.06L6 10.94l6.72-6.72a.75.75 0 011.06 0z\\"></path>",
                      }
                    }
                    fill="currentColor"
                    height={16}
                    role="img"
                    style={
                      Object {
                        "display": "inline-block",
                        "userSelect": "none",
                        "verticalAlign": "text-bottom",
                      }
                    }
                    viewBox="0 0 16 16"
                    width={16}
                  />
                  <div
                    className="input-access"
                  >
                    <div
                      className="input-access-tick"
                    >
                      <img
                        alt=""
                        aria-label="checked"
                        className="tick-img"
                        height="16px"
                        hidden={true}
                        src="tick.png"
                        width="16px"
                      />
                    </div>
                    <div
                      className="input-access-text"
                    >
                      Read-only
                    </div>
                  </div>
                </a>
                <a
                  aria-checked={false}
                  className="SelectMenuItem__StyledItem-sc-13zu9d-0 jDrvbI"
                  onClick={[Function]}
                  role="menuitemcheckbox"
                >
                  <svg
                    aria-hidden="true"
                    className="StyledOcticon-sc-7ly0uy-0 fBbUTV SelectMenu-icon SelectMenu-selected-icon"
                    dangerouslySetInnerHTML={
                      Object {
                        "__html": "<path fill-rule=\\"evenodd\\" d=\\"M13.78 4.22a.75.75 0 010 1.06l-7.25 7.25a.75.75 0 01-1.06 0L2.22 9.28a.75.75 0 011.06-1.06L6 10.94l6.72-6.72a.75.75 0 011.06 0z\\"></path>",
                      }
                    }
                    fill="currentColor"
                    height={16}
                    role="img"
                    style={
                      Object {
                        "display": "inline-block",
                        "userSelect": "none",
                        "verticalAlign": "text-bottom",
                      }
                    }
                    viewBox="0 0 16 16"
                    width={16}
                  />
                  <div
                    className="input-access"
                  >
                    <div
                      className="input-access-tick"
                    >
                      <img
                        alt=""
                        aria-label="checked"
                        className="tick-img"
                        height="16px"
                        hidden={true}
                        src="tick.png"
                        width="16px"
                      />
                    </div>
                    <div
                      className="input-access-text"
                    >
                      Read & Write
                    </div>
                  </div>
                </a>
              </div>
            </div>
          </div>
        </details>
      </div>
    </div>
    <div
      className="org-permission-item tableobject"
    >
      <div
        className="tableobject-cell-primary"
      >
        <div
          className="text-bold"
        >
          Plan
          <a
            aria-label="info"
            className="link"
            href="https://docs.github.com/v3/apps/permissions/"
          >
            <img
              alt=""
              className="info-img"
              height="16px"
              src="icon.png"
              width="16px"
            />
          </a>
        </div>
        <p
          className="note"
        >
          View an organization's plan.
        </p>
      </div>
      <div
        className="tableobject-cell-intermediate"
      >
        Access:
      </div>
      <div
        className="tableobject-cell-secondary"
      >
        <details
          className="SelectMenu__StyledSelectMenu-sc-12xd8o8-0 dxFRtv"
          onToggle={[Function]}
          open={false}
        >
          <summary
            className="ButtonBase-exshql-0 Button-sc-1cuu878-0 bdhCrA iJXmtE selectmenu-button"
          >
            <span
              className="selectmenu-button-text"
            >
              No access
            </span>
            <img
              alt=""
              className="down-img"
              src="downarrow.png"
            />
          </summary>
          <div
            className="SelectMenuModal__ModalWrapper-fv9zw3-1 dlCqxE"
            role="menu"
          >
            <div
              className="SelectMenuModal__Modal-fv9zw3-0 eAAiUL"
              width="212px"
            >
              <header
                className="SelectMenuHeader__StyledHeader-sc-1njvopm-1 iFZGXN"
              >
                <h3
                  className="SelectMenuHeader__SelectMenuTitle-sc-1njvopm-0 ggeHFz"
                >
                  <span>
                    Select an access level
                  </span>
                  <button
                    aria-label="close menu"
                    className="cross-img-button"
                    onClick={[Function]}
                    type="button"
                  >
                    <img
                      alt=""
                      className="cross-img"
                      height="10px"
                      src="cross.png"
                      width="10px"
                    />
                  </button>
                </h3>
              </header>
              <div
                className="SelectMenuList-uflcju-0 erwbXU"
              >
                <a
                  aria-checked={false}
                  className="SelectMenuItem__StyledItem-sc-13zu9d-0 jDrvbI"
                  onClick={[Function]}
                  role="menuitemcheckbox"
                >
                  <svg
                    aria-hidden="true"
                    className="StyledOcticon-sc-7ly0uy-0 fBbUTV SelectMenu-icon SelectMenu-selected-icon"
                    dangerouslySetInnerHTML={
                      Object {
                        "__html": "<path fill-rule=\\"evenodd\\" d=\\"M13.78 4.22a.75.75 0 010 1.06l-7.25 7.25a.75.75 0 01-1.06 0L2.22 9.28a.75.75 0 011.06-1.06L6 10.94l6.72-6.72a.75.75 0 011.06 0z\\"></path>",
                      }
                    }
                    fill="currentColor"
                    height={16}
                    role="img"
                    style={
                      Object {
                        "display": "inline-block",
                        "userSelect": "none",
                        "verticalAlign": "text-bottom",
                      }
                    }
                    viewBox="0 0 16 16"
                    width={16}
                  />
                  <div
                    className="input-access"
                  >
                    <div
                      className="input-access-tick"
                    >
                      <img
                        alt=""
                        aria-label="checked"
                        className="tick-img"
                        height="16px"
                        hidden={false}
                        src="tick.png"
                        width="16px"
                      />
                    </div>
                    <div
                      className="input-access-text"
                    >
                      No access
                    </div>
                  </div>
                </a>
                <a
                  aria-checked={false}
                  className="SelectMenuItem__StyledItem-sc-13zu9d-0 jDrvbI"
                  onClick={[Function]}
                  role="menuitemcheckbox"
                >
                  <svg
                    aria-hidden="true"
                    className="StyledOcticon-sc-7ly0uy-0 fBbUTV SelectMenu-icon SelectMenu-selected-icon"
                    dangerouslySetInnerHTML={
                      Object {
                        "__html": "<path fill-rule=\\"evenodd\\" d=\\"M13.78 4.22a.75.75 0 010 1.06l-7.25 7.25a.75.75 0 01-1.06 0L2.22 9.28a.75.75 0 011.06-1.06L6 10.94l6.72-6.72a.75.75 0 011.06 0z\\"></path>",
                      }
                    }
                    fill="currentColor"
                    height={16}
                    role="img"
                    style={
                      Object {
                        "display": "inline-block",
                        "userSelect": "none",
                        "verticalAlign": "text-bottom",
                      }
                    }
                    viewBox="0 0 16 16"
                    width={16}
                  />
                  <div
                    className="input-access"
                  >
                    <div
                      className="input-access-tick"
                    >
                      <img
                        alt=""
                        aria-label="checked"
                        className="tick-img"
                        height="16px"
                        hidden={true}
                        src="tick.png"
                        width="16px"
                      />
                    </div>
                    <div
                      className="input-access-text"
                    >
                      Read-only
                    </div>
                  </div>
                </a>
              </div>
            </div>
          </div>
        </details>
      </div>
    </div>
    <div
      className="org-permission-item tableobject"
    >
      <div
        className="tableobject-cell-primary"
      >
        <div
          className="text-bold"
        >
          Projects
          <a
            aria-label="info"
            className="link"
            href="https://docs.github.com/v3/apps/permissions/#permission-on-organization-projects"
          >
            <img
              alt=""
              className="info-img"
              height="16px"
              src="icon.png"
              width="16px"
            />
          </a>
        </div>
        <p
          className="note"
        >
          Manage organization projects, columns, and cards.
        </p>
      </div>
      <div
        className="tableobject-cell-intermediate"
      >
        Access:
      </div>
      <div
        className="tableobject-cell-secondary"
      >
        <details
          className="SelectMenu__StyledSelectMenu-sc-12xd8o8-0 dxFRtv"
          onToggle={[Function]}
          open={false}
        >
          <summary
            className="ButtonBase-exshql-0 Button-sc-1cuu878-0 bdhCrA iJXmtE selectmenu-button"
          >
            <span
              className="selectmenu-button-text"
            >
              No access
            </span>
            <img
              alt=""
              className="down-img"
              src="downarrow.png"
            />
          </summary>
          <div
            className="SelectMenuModal__ModalWrapper-fv9zw3-1 dlCqxE"
            role="menu"
          >
            <div
              className="SelectMenuModal__Modal-fv9zw3-0 eAAiUL"
              width="212px"
            >
              <header
                className="SelectMenuHeader__StyledHeader-sc-1njvopm-1 iFZGXN"
              >
                <h3
                  className="SelectMenuHeader__SelectMenuTitle-sc-1njvopm-0 ggeHFz"
                >
                  <span>
                    Select an access level
                  </span>
                  <button
                    aria-label="close menu"
                    className="cross-img-button"
                    onClick={[Function]}
                    type="button"
                  >
                    <img
                      alt=""
                      className="cross-img"
                      height="10px"
                      src="cross.png"
                      width="10px"
                    />
                  </button>
                </h3>
              </header>
              <div
                className="SelectMenuList-uflcju-0 erwbXU"
              >
                <a
                  aria-checked={false}
                  className="SelectMenuItem__StyledItem-sc-13zu9d-0 jDrvbI"
                  onClick={[Function]}
                  role="menuitemcheckbox"
                >
                  <svg
                    aria-hidden="true"
                    className="StyledOcticon-sc-7ly0uy-0 fBbUTV SelectMenu-icon SelectMenu-selected-icon"
                    dangerouslySetInnerHTML={
                      Object {
                        "__html": "<path fill-rule=\\"evenodd\\" d=\\"M13.78 4.22a.75.75 0 010 1.06l-7.25 7.25a.75.75 0 01-1.06 0L2.22 9.28a.75.75 0 011.06-1.06L6 10.94l6.72-6.72a.75.75 0 011.06 0z\\"></path>",
                      }
                    }
                    fill="currentColor"
                    height={16}
                    role="img"
                    style={
                      Object {
                        "display": "inline-block",
                        "userSelect": "none",
                        "verticalAlign": "text-bottom",
                      }
                    }
                    viewBox="0 0 16 16"
                    width={16}
                  />
                  <div
                    className="input-access"
                  >
                    <div
                      className="input-access-tick"
                    >
                      <img
                        alt=""
                        aria-label="checked"
                        className="tick-img"
                        height="16px"
                        hidden={false}
                        src="tick.png"
                        width="16px"
                      />
                    </div>
                    <div
                      className="input-access-text"
                    >
                      No access
                    </div>
                  </div>
                </a>
                <a
                  aria-checked={false}
                  className="SelectMenuItem__StyledItem-sc-13zu9d-0 jDrvbI"
                  onClick={[Function]}
                  role="menuitemcheckbox"
                >
                  <svg
                    aria-hidden="true"
                    className="StyledOcticon-sc-7ly0uy-0 fBbUTV SelectMenu-icon SelectMenu-selected-icon"
                    dangerouslySetInnerHTML={
                      Object {
                        "__html": "<path fill-rule=\\"evenodd\\" d=\\"M13.78 4.22a.75.75 0 010 1.06l-7.25 7.25a.75.75 0 01-1.06 0L2.22 9.28a.75.75 0 011.06-1.06L6 10.94l6.72-6.72a.75.75 0 011.06 0z\\"></path>",
                      }
                    }
                    fill="currentColor"
                    height={16}
                    role="img"
                    style={
                      Object {
                        "display": "inline-block",
                        "userSelect": "none",
                        "verticalAlign": "text-bottom",
                      }
                    }
                    viewBox="0 0 16 16"
                    width={16}
                  />
                  <div
                    className="input-access"
                  >
                    <div
                      className="input-access-tick"
                    >
                      <img
                        alt=""
                        aria-label="checked"
                        className="tick-img"
                        height="16px"
                        hidden={true}
                        src="tick.png"
                        width="16px"
                      />
                    </div>
                    <div
                      className="input-access-text"
                    >
                      Read-only
                    </div>
                  </div>
                </a>
                <a
                  aria-checked={false}
                  className="SelectMenuItem__StyledItem-sc-13zu9d-0 jDrvbI"
                  onClick={[Function]}
                  role="menuitemcheckbox"
                >
                  <svg
                    aria-hidden="true"
                    className="StyledOcticon-sc-7ly0uy-0 fBbUTV SelectMenu-icon SelectMenu-selected-icon"
                    dangerouslySetInnerHTML={
                      Object {
                        "__html": "<path fill-rule=\\"evenodd\\" d=\\"M13.78 4.22a.75.75 0 010 1.06l-7.25 7.25a.75.75 0 01-1.06 0L2.22 9.28a.75.75 0 011.06-1.06L6 10.94l6.72-6.72a.75.75 0 011.06 0z\\"></path>",
                      }
                    }
                    fill="currentColor"
                    height={16}
                    role="img"
                    style={
                      Object {
                        "display": "inline-block",
                        "userSelect": "none",
                        "verticalAlign": "text-bottom",
                      }
                    }
                    viewBox="0 0 16 16"
                    width={16}
                  />
                  <div
                    className="input-access"
                  >
                    <div
                      className="input-access-tick"
                    >
                      <img
                        alt=""
                        aria-label="checked"
                        className="tick-img"
                        height="16px"
                        hidden={true}
                        src="tick.png"
                        width="16px"
                      />
                    </div>
                    <div
                      className="input-access-text"
                    >
                      Read & Write
                    </div>
                  </div>
                </a>
                <a
                  aria-checked={false}
                  className="SelectMenuItem__StyledItem-sc-13zu9d-0 jDrvbI"
                  onClick={[Function]}
                  role="menuitemcheckbox"
                >
                  <svg
                    aria-hidden="true"
                    className="StyledOcticon-sc-7ly0uy-0 fBbUTV SelectMenu-icon SelectMenu-selected-icon"
                    dangerouslySetInnerHTML={
                      Object {
                        "__html": "<path fill-rule=\\"evenodd\\" d=\\"M13.78 4.22a.75.75 0 010 1.06l-7.25 7.25a.75.75 0 01-1.06 0L2.22 9.28a.75.75 0 011.06-1.06L6 10.94l6.72-6.72a.75.75 0 011.06 0z\\"></path>",
                      }
                    }
                    fill="currentColor"
                    height={16}
                    role="img"
                    style={
                      Object {
                        "display": "inline-block",
                        "userSelect": "none",
                        "verticalAlign": "text-bottom",
                      }
                    }
                    viewBox="0 0 16 16"
                    width={16}
                  />
                  <div
                    className="input-access"
                  >
                    <div
                      className="input-access-tick"
                    >
                      <img
                        alt=""
                        aria-label="checked"
                        className="tick-img"
                        height="16px"
                        hidden={true}
                        src="tick.png"
                        width="16px"
                      />
                    </div>
                    <div
                      className="input-access-text"
                    >
                      Admin
                    </div>
                  </div>
                </a>
              </div>
            </div>
          </div>
        </details>
      </div>
    </div>
    <div
      className="org-permission-item tableobject"
    >
      <div
        className="tableobject-cell-primary"
      >
        <div
          className="text-bold"
        >
          Secrets
          <a
            aria-label="info"
            className="link"
            href="https://docs.github.com/v3/apps/permissions/"
          >
            <img
              alt=""
              className="info-img"
              height="16px"
              src="icon.png"
              width="16px"
            />
          </a>
        </div>
        <p
          className="note"
        >
          Manage organization secrets.
        </p>
      </div>
      <div
        className="tableobject-cell-intermediate"
      >
        Access:
      </div>
      <div
        className="tableobject-cell-secondary"
      >
        <details
          className="SelectMenu__StyledSelectMenu-sc-12xd8o8-0 dxFRtv"
          onToggle={[Function]}
          open={false}
        >
          <summary
            className="ButtonBase-exshql-0 Button-sc-1cuu878-0 bdhCrA iJXmtE selectmenu-button"
          >
            <span
              className="selectmenu-button-text"
            >
              No access
            </span>
            <img
              alt=""
              className="down-img"
              src="downarrow.png"
            />
          </summary>
          <div
            className="SelectMenuModal__ModalWrapper-fv9zw3-1 dlCqxE"
            role="menu"
          >
            <div
              className="SelectMenuModal__Modal-fv9zw3-0 eAAiUL"
              width="212px"
            >
              <header
                className="SelectMenuHeader__StyledHeader-sc-1njvopm-1 iFZGXN"
              >
                <h3
                  className="SelectMenuHeader__SelectMenuTitle-sc-1njvopm-0 ggeHFz"
                >
                  <span>
                    Select an access level
                  </span>
                  <button
                    aria-label="close menu"
                    className="cross-img-button"
                    onClick={[Function]}
                    type="button"
                  >
                    <img
                      alt=""
                      className="cross-img"
                      height="10px"
                      src="cross.png"
                      width="10px"
                    />
                  </button>
                </h3>
              </header>
              <div
                className="SelectMenuList-uflcju-0 erwbXU"
              >
                <a
                  aria-checked={false}
                  className="SelectMenuItem__StyledItem-sc-13zu9d-0 jDrvbI"
                  onClick={[Function]}
                  role="menuitemcheckbox"
                >
                  <svg
                    aria-hidden="true"
                    className="StyledOcticon-sc-7ly0uy-0 fBbUTV SelectMenu-icon SelectMenu-selected-icon"
                    dangerouslySetInnerHTML={
                      Object {
                        "__html": "<path fill-rule=\\"evenodd\\" d=\\"M13.78 4.22a.75.75 0 010 1.06l-7.25 7.25a.75.75 0 01-1.06 0L2.22 9.28a.75.75 0 011.06-1.06L6 10.94l6.72-6.72a.75.75 0 011.06 0z\\"></path>",
                      }
                    }
                    fill="currentColor"
                    height={16}
                    role="img"
                    style={
                      Object {
                        "display": "inline-block",
                        "userSelect": "none",
                        "verticalAlign": "text-bottom",
                      }
                    }
                    viewBox="0 0 16 16"
                    width={16}
                  />
                  <div
                    className="input-access"
                  >
                    <div
                      className="input-access-tick"
                    >
                      <img
                        alt=""
                        aria-label="checked"
                        className="tick-img"
                        height="16px"
                        hidden={false}
                        src="tick.png"
                        width="16px"
                      />
                    </div>
                    <div
                      className="input-access-text"
                    >
                      No access
                    </div>
                  </div>
                </a>
                <a
                  aria-checked={false}
                  className="SelectMenuItem__StyledItem-sc-13zu9d-0 jDrvbI"
                  onClick={[Function]}
                  role="menuitemcheckbox"
                >
                  <svg
                    aria-hidden="true"
                    className="StyledOcticon-sc-7ly0uy-0 fBbUTV SelectMenu-icon SelectMenu-selected-icon"
                    dangerouslySetInnerHTML={
                      Object {
                        "__html": "<path fill-rule=\\"evenodd\\" d=\\"M13.78 4.22a.75.75 0 010 1.06l-7.25 7.25a.75.75 0 01-1.06 0L2.22 9.28a.75.75 0 011.06-1.06L6 10.94l6.72-6.72a.75.75 0 011.06 0z\\"></path>",
                      }
                    }
                    fill="currentColor"
                    height={16}
                    role="img"
                    style={
                      Object {
                        "display": "inline-block",
                        "userSelect": "none",
                        "verticalAlign": "text-bottom",
                      }
                    }
                    viewBox="0 0 16 16"
                    width={16}
                  />
                  <div
                    className="input-access"
                  >
                    <div
                      className="input-access-tick"
                    >
                      <img
                        alt=""
                        aria-label="checked"
                        className="tick-img"
                        height="16px"
                        hidden={true}
                        src="tick.png"
                        width="16px"
                      />
                    </div>
                    <div
                      className="input-access-text"
                    >
                      Read-only
                    </div>
                  </div>
                </a>
                <a
                  aria-checked={false}
                  className="SelectMenuItem__StyledItem-sc-13zu9d-0 jDrvbI"
                  onClick={[Function]}
                  role="menuitemcheckbox"
                >
                  <svg
                    aria-hidden="true"
                    className="StyledOcticon-sc-7ly0uy-0 fBbUTV SelectMenu-icon SelectMenu-selected-icon"
                    dangerouslySetInnerHTML={
                      Object {
                        "__html": "<path fill-rule=\\"evenodd\\" d=\\"M13.78 4.22a.75.75 0 010 1.06l-7.25 7.25a.75.75 0 01-1.06 0L2.22 9.28a.75.75 0 011.06-1.06L6 10.94l6.72-6.72a.75.75 0 011.06 0z\\"></path>",
                      }
                    }
                    fill="currentColor"
                    height={16}
                    role="img"
                    style={
                      Object {
                        "display": "inline-block",
                        "userSelect": "none",
                        "verticalAlign": "text-bottom",
                      }
                    }
                    viewBox="0 0 16 16"
                    width={16}
                  />
                  <div
                    className="input-access"
                  >
                    <div
                      className="input-access-tick"
                    >
                      <img
                        alt=""
                        aria-label="checked"
                        className="tick-img"
                        height="16px"
                        hidden={true}
                        src="tick.png"
                        width="16px"
                      />
                    </div>
                    <div
                      className="input-access-text"
                    >
                      Read & Write
                    </div>
                  </div>
                </a>
              </div>
            </div>
          </div>
        </details>
      </div>
    </div>
    <div
      className="org-permission-item tableobject"
    >
      <div
        className="tableobject-cell-primary"
      >
        <div
          className="text-bold"
        >
          Self-hosted runners
          <a
            aria-label="info"
            className="link"
            href="https://docs.github.com/v3/apps/permissions/"
          >
            <img
              alt=""
              className="info-img"
              height="16px"
              src="icon.png"
              width="16px"
            />
          </a>
        </div>
        <p
          className="note"
        >
          View and manage Actions self-hosted runners available to an organization.
        </p>
      </div>
      <div
        className="tableobject-cell-intermediate"
      >
        Access:
      </div>
      <div
        className="tableobject-cell-secondary"
      >
        <details
          className="SelectMenu__StyledSelectMenu-sc-12xd8o8-0 dxFRtv"
          onToggle={[Function]}
          open={false}
        >
          <summary
            className="ButtonBase-exshql-0 Button-sc-1cuu878-0 bdhCrA iJXmtE selectmenu-button"
          >
            <span
              className="selectmenu-button-text"
            >
              No access
            </span>
            <img
              alt=""
              className="down-img"
              src="downarrow.png"
            />
          </summary>
          <div
            className="SelectMenuModal__ModalWrapper-fv9zw3-1 dlCqxE"
            role="menu"
          >
            <div
              className="SelectMenuModal__Modal-fv9zw3-0 eAAiUL"
              width="212px"
            >
              <header
                className="SelectMenuHeader__StyledHeader-sc-1njvopm-1 iFZGXN"
              >
                <h3
                  className="SelectMenuHeader__SelectMenuTitle-sc-1njvopm-0 ggeHFz"
                >
                  <span>
                    Select an access level
                  </span>
                  <button
                    aria-label="close menu"
                    className="cross-img-button"
                    onClick={[Function]}
                    type="button"
                  >
                    <img
                      alt=""
                      className="cross-img"
                      height="10px"
                      src="cross.png"
                      width="10px"
                    />
                  </button>
                </h3>
              </header>
              <div
                className="SelectMenuList-uflcju-0 erwbXU"
              >
                <a
                  aria-checked={false}
                  className="SelectMenuItem__StyledItem-sc-13zu9d-0 jDrvbI"
                  onClick={[Function]}
                  role="menuitemcheckbox"
                >
                  <svg
                    aria-hidden="true"
                    className="StyledOcticon-sc-7ly0uy-0 fBbUTV SelectMenu-icon SelectMenu-selected-icon"
                    dangerouslySetInnerHTML={
                      Object {
                        "__html": "<path fill-rule=\\"evenodd\\" d=\\"M13.78 4.22a.75.75 0 010 1.06l-7.25 7.25a.75.75 0 01-1.06 0L2.22 9.28a.75.75 0 011.06-1.06L6 10.94l6.72-6.72a.75.75 0 011.06 0z\\"></path>",
                      }
                    }
                    fill="currentColor"
                    height={16}
                    role="img"
                    style={
                      Object {
                        "display": "inline-block",
                        "userSelect": "none",
                        "verticalAlign": "text-bottom",
                      }
                    }
                    viewBox="0 0 16 16"
                    width={16}
                  />
                  <div
                    className="input-access"
                  >
                    <div
                      className="input-access-tick"
                    >
                      <img
                        alt=""
                        aria-label="checked"
                        className="tick-img"
                        height="16px"
                        hidden={false}
                        src="tick.png"
                        width="16px"
                      />
                    </div>
                    <div
                      className="input-access-text"
                    >
                      No access
                    </div>
                  </div>
                </a>
                <a
                  aria-checked={false}
                  className="SelectMenuItem__StyledItem-sc-13zu9d-0 jDrvbI"
                  onClick={[Function]}
                  role="menuitemcheckbox"
                >
                  <svg
                    aria-hidden="true"
                    className="StyledOcticon-sc-7ly0uy-0 fBbUTV SelectMenu-icon SelectMenu-selected-icon"
                    dangerouslySetInnerHTML={
                      Object {
                        "__html": "<path fill-rule=\\"evenodd\\" d=\\"M13.78 4.22a.75.75 0 010 1.06l-7.25 7.25a.75.75 0 01-1.06 0L2.22 9.28a.75.75 0 011.06-1.06L6 10.94l6.72-6.72a.75.75 0 011.06 0z\\"></path>",
                      }
                    }
                    fill="currentColor"
                    height={16}
                    role="img"
                    style={
                      Object {
                        "display": "inline-block",
                        "userSelect": "none",
                        "verticalAlign": "text-bottom",
                      }
                    }
                    viewBox="0 0 16 16"
                    width={16}
                  />
                  <div
                    className="input-access"
                  >
                    <div
                      className="input-access-tick"
                    >
                      <img
                        alt=""
                        aria-label="checked"
                        className="tick-img"
                        height="16px"
                        hidden={true}
                        src="tick.png"
                        width="16px"
                      />
                    </div>
                    <div
                      className="input-access-text"
                    >
                      Read-only
                    </div>
                  </div>
                </a>
                <a
                  aria-checked={false}
                  className="SelectMenuItem__StyledItem-sc-13zu9d-0 jDrvbI"
                  onClick={[Function]}
                  role="menuitemcheckbox"
                >
                  <svg
                    aria-hidden="true"
                    className="StyledOcticon-sc-7ly0uy-0 fBbUTV SelectMenu-icon SelectMenu-selected-icon"
                    dangerouslySetInnerHTML={
                      Object {
                        "__html": "<path fill-rule=\\"evenodd\\" d=\\"M13.78 4.22a.75.75 0 010 1.06l-7.25 7.25a.75.75 0 01-1.06 0L2.22 9.28a.75.75 0 011.06-1.06L6 10.94l6.72-6.72a.75.75 0 011.06 0z\\"></path>",
                      }
                    }
                    fill="currentColor"
                    height={16}
                    role="img"
                    style={
                      Object {
                        "display": "inline-block",
                        "userSelect": "none",
                        "verticalAlign": "text-bottom",
                      }
                    }
                    viewBox="0 0 16 16"
                    width={16}
                  />
                  <div
                    className="input-access"
                  >
                    <div
                      className="input-access-tick"
                    >
                      <img
                        alt=""
                        aria-label="checked"
                        className="tick-img"
                        height="16px"
                        hidden={true}
                        src="tick.png"
                        width="16px"
                      />
                    </div>
                    <div
                      className="input-access-text"
                    >
                      Read & Write
                    </div>
                  </div>
                </a>
              </div>
            </div>
          </div>
        </details>
      </div>
    </div>
    <div
      className="org-permission-item tableobject"
    >
      <div
        className="tableobject-cell-primary"
      >
        <div
          className="text-bold"
        >
          Blocking users
          <a
            aria-label="info"
            className="link"
            href="https://docs.github.com/v3/apps/permissions/#permission-on-organization-user-blocking"
          >
            <img
              alt=""
              className="info-img"
              height="16px"
              src="icon.png"
              width="16px"
            />
          </a>
        </div>
        <p
          className="note"
        >
          View and manage users blocked by the organization.
        </p>
      </div>
      <div
        className="tableobject-cell-intermediate"
      >
        Access:
      </div>
      <div
        className="tableobject-cell-secondary"
      >
        <details
          className="SelectMenu__StyledSelectMenu-sc-12xd8o8-0 dxFRtv"
          onToggle={[Function]}
          open={false}
        >
          <summary
            className="ButtonBase-exshql-0 Button-sc-1cuu878-0 bdhCrA iJXmtE selectmenu-button"
          >
            <span
              className="selectmenu-button-text"
            >
              No access
            </span>
            <img
              alt=""
              className="down-img"
              src="downarrow.png"
            />
          </summary>
          <div
            className="SelectMenuModal__ModalWrapper-fv9zw3-1 dlCqxE"
            role="menu"
          >
            <div
              className="SelectMenuModal__Modal-fv9zw3-0 eAAiUL"
              width="212px"
            >
              <header
                className="SelectMenuHeader__StyledHeader-sc-1njvopm-1 iFZGXN"
              >
                <h3
                  className="SelectMenuHeader__SelectMenuTitle-sc-1njvopm-0 ggeHFz"
                >
                  <span>
                    Select an access level
                  </span>
                  <button
                    aria-label="close menu"
                    className="cross-img-button"
                    onClick={[Function]}
                    type="button"
                  >
                    <img
                      alt=""
                      className="cross-img"
                      height="10px"
                      src="cross.png"
                      width="10px"
                    />
                  </button>
                </h3>
              </header>
              <div
                className="SelectMenuList-uflcju-0 erwbXU"
              >
                <a
                  aria-checked={false}
                  className="SelectMenuItem__StyledItem-sc-13zu9d-0 jDrvbI"
                  onClick={[Function]}
                  role="menuitemcheckbox"
                >
                  <svg
                    aria-hidden="true"
                    className="StyledOcticon-sc-7ly0uy-0 fBbUTV SelectMenu-icon SelectMenu-selected-icon"
                    dangerouslySetInnerHTML={
                      Object {
                        "__html": "<path fill-rule=\\"evenodd\\" d=\\"M13.78 4.22a.75.75 0 010 1.06l-7.25 7.25a.75.75 0 01-1.06 0L2.22 9.28a.75.75 0 011.06-1.06L6 10.94l6.72-6.72a.75.75 0 011.06 0z\\"></path>",
                      }
                    }
                    fill="currentColor"
                    height={16}
                    role="img"
                    style={
                      Object {
                        "display": "inline-block",
                        "userSelect": "none",
                        "verticalAlign": "text-bottom",
                      }
                    }
                    viewBox="0 0 16 16"
                    width={16}
                  />
                  <div
                    className="input-access"
                  >
                    <div
                      className="input-access-tick"
                    >
                      <img
                        alt=""
                        aria-label="checked"
                        className="tick-img"
                        height="16px"
                        hidden={false}
                        src="tick.png"
                        width="16px"
                      />
                    </div>
                    <div
                      className="input-access-text"
                    >
                      No access
                    </div>
                  </div>
                </a>
                <a
                  aria-checked={false}
                  className="SelectMenuItem__StyledItem-sc-13zu9d-0 jDrvbI"
                  onClick={[Function]}
                  role="menuitemcheckbox"
                >
                  <svg
                    aria-hidden="true"
                    className="StyledOcticon-sc-7ly0uy-0 fBbUTV SelectMenu-icon SelectMenu-selected-icon"
                    dangerouslySetInnerHTML={
                      Object {
                        "__html": "<path fill-rule=\\"evenodd\\" d=\\"M13.78 4.22a.75.75 0 010 1.06l-7.25 7.25a.75.75 0 01-1.06 0L2.22 9.28a.75.75 0 011.06-1.06L6 10.94l6.72-6.72a.75.75 0 011.06 0z\\"></path>",
                      }
                    }
                    fill="currentColor"
                    height={16}
                    role="img"
                    style={
                      Object {
                        "display": "inline-block",
                        "userSelect": "none",
                        "verticalAlign": "text-bottom",
                      }
                    }
                    viewBox="0 0 16 16"
                    width={16}
                  />
                  <div
                    className="input-access"
                  >
                    <div
                      className="input-access-tick"
                    >
                      <img
                        alt=""
                        aria-label="checked"
                        className="tick-img"
                        height="16px"
                        hidden={true}
                        src="tick.png"
                        width="16px"
                      />
                    </div>
                    <div
                      className="input-access-text"
                    >
                      Read-only
                    </div>
                  </div>
                </a>
                <a
                  aria-checked={false}
                  className="SelectMenuItem__StyledItem-sc-13zu9d-0 jDrvbI"
                  onClick={[Function]}
                  role="menuitemcheckbox"
                >
                  <svg
                    aria-hidden="true"
                    className="StyledOcticon-sc-7ly0uy-0 fBbUTV SelectMenu-icon SelectMenu-selected-icon"
                    dangerouslySetInnerHTML={
                      Object {
                        "__html": "<path fill-rule=\\"evenodd\\" d=\\"M13.78 4.22a.75.75 0 010 1.06l-7.25 7.25a.75.75 0 01-1.06 0L2.22 9.28a.75.75 0 011.06-1.06L6 10.94l6.72-6.72a.75.75 0 011.06 0z\\"></path>",
                      }
                    }
                    fill="currentColor"
                    height={16}
                    role="img"
                    style={
                      Object {
                        "display": "inline-block",
                        "userSelect": "none",
                        "verticalAlign": "text-bottom",
                      }
                    }
                    viewBox="0 0 16 16"
                    width={16}
                  />
                  <div
                    className="input-access"
                  >
                    <div
                      className="input-access-tick"
                    >
                      <img
                        alt=""
                        aria-label="checked"
                        className="tick-img"
                        height="16px"
                        hidden={true}
                        src="tick.png"
                        width="16px"
                      />
                    </div>
                    <div
                      className="input-access-text"
                    >
                      Read & Write
                    </div>
                  </div>
                </a>
              </div>
            </div>
          </div>
        </details>
      </div>
    </div>
    <div
      className="org-permission-item tableobject"
    >
      <div
        className="tableobject-cell-primary"
      >
        <div
          className="text-bold"
        >
          Team discussions
          <a
            aria-label="info"
            className="link"
            href="https://docs.github.com/v3/apps/permissions/#permission-on-team-discussions"
          >
            <img
              alt=""
              className="info-img"
              height="16px"
              src="icon.png"
              width="16px"
            />
          </a>
        </div>
        <p
          className="note"
        >
          Manage team discussions and related comments.
        </p>
      </div>
      <div
        className="tableobject-cell-intermediate"
      >
        Access:
      </div>
      <div
        className="tableobject-cell-secondary"
      >
        <details
          className="SelectMenu__StyledSelectMenu-sc-12xd8o8-0 dxFRtv"
          onToggle={[Function]}
          open={false}
        >
          <summary
            className="ButtonBase-exshql-0 Button-sc-1cuu878-0 bdhCrA iJXmtE selectmenu-button"
          >
            <span
              className="selectmenu-button-text"
            >
              No access
            </span>
            <img
              alt=""
              className="down-img"
              src="downarrow.png"
            />
          </summary>
          <div
            className="SelectMenuModal__ModalWrapper-fv9zw3-1 dlCqxE"
            role="menu"
          >
            <div
              className="SelectMenuModal__Modal-fv9zw3-0 eAAiUL"
              width="212px"
            >
              <header
                className="SelectMenuHeader__StyledHeader-sc-1njvopm-1 iFZGXN"
              >
                <h3
                  className="SelectMenuHeader__SelectMenuTitle-sc-1njvopm-0 ggeHFz"
                >
                  <span>
                    Select an access level
                  </span>
                  <button
                    aria-label="close menu"
                    className="cross-img-button"
                    onClick={[Function]}
                    type="button"
                  >
                    <img
                      alt=""
                      className="cross-img"
                      height="10px"
                      src="cross.png"
                      width="10px"
                    />
                  </button>
                </h3>
              </header>
              <div
                className="SelectMenuList-uflcju-0 erwbXU"
              >
                <a
                  aria-checked={false}
                  className="SelectMenuItem__StyledItem-sc-13zu9d-0 jDrvbI"
                  onClick={[Function]}
                  role="menuitemcheckbox"
                >
                  <svg
                    aria-hidden="true"
                    className="StyledOcticon-sc-7ly0uy-0 fBbUTV SelectMenu-icon SelectMenu-selected-icon"
                    dangerouslySetInnerHTML={
                      Object {
                        "__html": "<path fill-rule=\\"evenodd\\" d=\\"M13.78 4.22a.75.75 0 010 1.06l-7.25 7.25a.75.75 0 01-1.06 0L2.22 9.28a.75.75 0 011.06-1.06L6 10.94l6.72-6.72a.75.75 0 011.06 0z\\"></path>",
                      }
                    }
                    fill="currentColor"
                    height={16}
                    role="img"
                    style={
                      Object {
                        "display": "inline-block",
                        "userSelect": "none",
                        "verticalAlign": "text-bottom",
                      }
                    }
                    viewBox="0 0 16 16"
                    width={16}
                  />
                  <div
                    className="input-access"
                  >
                    <div
                      className="input-access-tick"
                    >
                      <img
                        alt=""
                        aria-label="checked"
                        className="tick-img"
                        height="16px"
                        hidden={false}
                        src="tick.png"
                        width="16px"
                      />
                    </div>
                    <div
                      className="input-access-text"
                    >
                      No access
                    </div>
                  </div>
                </a>
                <a
                  aria-checked={false}
                  className="SelectMenuItem__StyledItem-sc-13zu9d-0 jDrvbI"
                  onClick={[Function]}
                  role="menuitemcheckbox"
                >
                  <svg
                    aria-hidden="true"
                    className="StyledOcticon-sc-7ly0uy-0 fBbUTV SelectMenu-icon SelectMenu-selected-icon"
                    dangerouslySetInnerHTML={
                      Object {
                        "__html": "<path fill-rule=\\"evenodd\\" d=\\"M13.78 4.22a.75.75 0 010 1.06l-7.25 7.25a.75.75 0 01-1.06 0L2.22 9.28a.75.75 0 011.06-1.06L6 10.94l6.72-6.72a.75.75 0 011.06 0z\\"></path>",
                      }
                    }
                    fill="currentColor"
                    height={16}
                    role="img"
                    style={
                      Object {
                        "display": "inline-block",
                        "userSelect": "none",
                        "verticalAlign": "text-bottom",
                      }
                    }
                    viewBox="0 0 16 16"
                    width={16}
                  />
                  <div
                    className="input-access"
                  >
                    <div
                      className="input-access-tick"
                    >
                      <img
                        alt=""
                        aria-label="checked"
                        className="tick-img"
                        height="16px"
                        hidden={true}
                        src="tick.png"
                        width="16px"
                      />
                    </div>
                    <div
                      className="input-access-text"
                    >
                      Read-only
                    </div>
                  </div>
                </a>
                <a
                  aria-checked={false}
                  className="SelectMenuItem__StyledItem-sc-13zu9d-0 jDrvbI"
                  onClick={[Function]}
                  role="menuitemcheckbox"
                >
                  <svg
                    aria-hidden="true"
                    className="StyledOcticon-sc-7ly0uy-0 fBbUTV SelectMenu-icon SelectMenu-selected-icon"
                    dangerouslySetInnerHTML={
                      Object {
                        "__html": "<path fill-rule=\\"evenodd\\" d=\\"M13.78 4.22a.75.75 0 010 1.06l-7.25 7.25a.75.75 0 01-1.06 0L2.22 9.28a.75.75 0 011.06-1.06L6 10.94l6.72-6.72a.75.75 0 011.06 0z\\"></path>",
                      }
                    }
                    fill="currentColor"
                    height={16}
                    role="img"
                    style={
                      Object {
                        "display": "inline-block",
                        "userSelect": "none",
                        "verticalAlign": "text-bottom",
                      }
                    }
                    viewBox="0 0 16 16"
                    width={16}
                  />
                  <div
                    className="input-access"
                  >
                    <div
                      className="input-access-tick"
                    >
                      <img
                        alt=""
                        aria-label="checked"
                        className="tick-img"
                        height="16px"
                        hidden={true}
                        src="tick.png"
                        width="16px"
                      />
                    </div>
                    <div
                      className="input-access-text"
                    >
                      Read & Write
                    </div>
                  </div>
                </a>
              </div>
            </div>
          </div>
        </details>
      </div>
    </div>
  </div>
</div>
`;
