// Jest Snapshot v1, https://goo.gl/fbAQLP

exports[`renders user permissions with default values 1`] = `
<div
  className="permissions"
>
  <div
    aria-label="user-permissions"
    className="user-permissions"
  >
    <div
      className="user-permissions-description"
    >
      <p>
        These permissions are granted on an individual user basis as part of the 
        <a
          href="https://docs.github.com/apps/building-github-apps/identifying-and-authorizing-users-for-github-apps/#identifying-and-authorizing-users-for-github-apps"
        >
          User authorization flow
        </a>
        . They will be also be displayed during account installation for transparency.
      </p>
    </div>
    <div
      className="user-permission-item tableobject"
    >
      <div
        className="tableobject-cell-primary"
      >
        <div>
          Block another user
          <a
            aria-label="info"
            className="link"
            href="https://docs.github.com/v3/apps/permissions/#permission-on-blocking"
          >
            <img
              alt=""
              className="info-img"
              height="16px"
              src="icon.png"
              width="16px"
            />
          </a>
        </div>
        <p
          className="note"
        >
          View and manage users blocked by the user.
        </p>
      </div>
      <div
        className="tableobject-cell-intermediate"
      >
        Access:
      </div>
      <div
        className="tableobject-cell-secondary"
      >
        <details
          className="SelectMenu__StyledSelectMenu-sc-12xd8o8-0 dxFRtv select-menu"
          onToggle={[Function]}
          open={false}
        >
          <summary
            className="ButtonBase-exshql-0 Button-sc-1cuu878-0 bdhCrA iJXmtE selectmenu-button"
            style={
              Object {
                "backgroundColor": "#fff",
                "border": "1px solid #8A8886",
                "borderRadius": "2px",
                "lineHeight": "18px",
                "padding": "2px",
                "width": "180px",
              }
            }
          >
            <span
              className="selectmenu-button-text"
            >
              No access
            </span>
            <img
              alt=""
              className="down-img"
              src="downarrow.png"
            />
          </summary>
          <div
            className="SelectMenuModal__ModalWrapper-fv9zw3-1 dlCqxE"
            role="menu"
          >
            <div
              className="SelectMenuModal__Modal-fv9zw3-0 cdquUy"
              width="185px"
            >
              <header
                className="SelectMenuHeader__StyledHeader-sc-1njvopm-1 iFZGXN"
                style={
                  Object {
                    "height": "24px",
                    "padding": "0",
                  }
                }
              >
                <h3
                  className="SelectMenuHeader__SelectMenuTitle-sc-1njvopm-0 ggeHFz"
                >
                  <span
                    className="select-menu-header-text"
                  >
                    Select an access level
                  </span>
                  <button
                    aria-label="close menu"
                    className="cross-img-button"
                    onClick={[Function]}
                    type="button"
                  >
                    <img
                      alt=""
                      className="cross-img"
                      height="10px"
                      src="cross.png"
                      width="10px"
                    />
                  </button>
                </h3>
              </header>
              <div
                className="SelectMenuList-uflcju-0 erwbXU"
              >
                <a
                  aria-checked={false}
                  className="SelectMenuItem__StyledItem-sc-13zu9d-0 jDrvbI"
                  href="#"
                  id="blockanotheruser0"
                  onClick={[Function]}
                  role="menuitemcheckbox"
                  style={
                    Object {
                      "height": "24px",
                      "padding": "0px",
                    }
                  }
                >
                  <svg
                    aria-hidden="true"
                    className="StyledOcticon-sc-7ly0uy-0 fBbUTV SelectMenu-icon SelectMenu-selected-icon"
                    dangerouslySetInnerHTML={
                      Object {
                        "__html": "<path fill-rule=\\"evenodd\\" d=\\"M13.78 4.22a.75.75 0 010 1.06l-7.25 7.25a.75.75 0 01-1.06 0L2.22 9.28a.75.75 0 011.06-1.06L6 10.94l6.72-6.72a.75.75 0 011.06 0z\\"></path>",
                      }
                    }
                    fill="currentColor"
                    height={16}
                    role="img"
                    style={
                      Object {
                        "display": "inline-block",
                        "userSelect": "none",
                        "verticalAlign": "text-bottom",
                      }
                    }
                    viewBox="0 0 16 16"
                    width={16}
                  />
                  <div
                    className="input-access"
                  >
                    <div
                      className="input-access-tick"
                    >
                      <img
                        alt=""
                        aria-label="checked"
                        className="tick-img"
                        height="16px"
                        hidden={false}
                        src="tick.png"
                        width="16px"
                      />
                    </div>
                    <div
                      aria-checked={true}
                      className="input-access-text"
                    >
                      No access
                    </div>
                  </div>
                </a>
                <a
                  aria-checked={false}
                  className="SelectMenuItem__StyledItem-sc-13zu9d-0 jDrvbI"
                  href="#"
                  id="blockanotheruser1"
                  onClick={[Function]}
                  role="menuitemcheckbox"
                  style={
                    Object {
                      "height": "24px",
                      "padding": "0px",
                    }
                  }
                >
                  <svg
                    aria-hidden="true"
                    className="StyledOcticon-sc-7ly0uy-0 fBbUTV SelectMenu-icon SelectMenu-selected-icon"
                    dangerouslySetInnerHTML={
                      Object {
                        "__html": "<path fill-rule=\\"evenodd\\" d=\\"M13.78 4.22a.75.75 0 010 1.06l-7.25 7.25a.75.75 0 01-1.06 0L2.22 9.28a.75.75 0 011.06-1.06L6 10.94l6.72-6.72a.75.75 0 011.06 0z\\"></path>",
                      }
                    }
                    fill="currentColor"
                    height={16}
                    role="img"
                    style={
                      Object {
                        "display": "inline-block",
                        "userSelect": "none",
                        "verticalAlign": "text-bottom",
                      }
                    }
                    viewBox="0 0 16 16"
                    width={16}
                  />
                  <div
                    className="input-access"
                  >
                    <div
                      className="input-access-tick"
                    >
                      <img
                        alt=""
                        aria-label="checked"
                        className="tick-img"
                        height="16px"
                        hidden={true}
                        src="tick.png"
                        width="16px"
                      />
                    </div>
                    <div
                      aria-checked={true}
                      className="input-access-text"
                    >
                      Read-only
                    </div>
                  </div>
                </a>
                <a
                  aria-checked={false}
                  className="SelectMenuItem__StyledItem-sc-13zu9d-0 jDrvbI"
                  href="#"
                  id="blockanotheruser2"
                  onClick={[Function]}
                  role="menuitemcheckbox"
                  style={
                    Object {
                      "height": "24px",
                      "padding": "0px",
                    }
                  }
                >
                  <svg
                    aria-hidden="true"
                    className="StyledOcticon-sc-7ly0uy-0 fBbUTV SelectMenu-icon SelectMenu-selected-icon"
                    dangerouslySetInnerHTML={
                      Object {
                        "__html": "<path fill-rule=\\"evenodd\\" d=\\"M13.78 4.22a.75.75 0 010 1.06l-7.25 7.25a.75.75 0 01-1.06 0L2.22 9.28a.75.75 0 011.06-1.06L6 10.94l6.72-6.72a.75.75 0 011.06 0z\\"></path>",
                      }
                    }
                    fill="currentColor"
                    height={16}
                    role="img"
                    style={
                      Object {
                        "display": "inline-block",
                        "userSelect": "none",
                        "verticalAlign": "text-bottom",
                      }
                    }
                    viewBox="0 0 16 16"
                    width={16}
                  />
                  <div
                    className="input-access"
                  >
                    <div
                      className="input-access-tick"
                    >
                      <img
                        alt=""
                        aria-label="checked"
                        className="tick-img"
                        height="16px"
                        hidden={true}
                        src="tick.png"
                        width="16px"
                      />
                    </div>
                    <div
                      aria-checked={true}
                      className="input-access-text"
                    >
                      Read & Write
                    </div>
                  </div>
                </a>
              </div>
            </div>
          </div>
        </details>
      </div>
    </div>
    <div
      className="user-permission-item tableobject"
    >
      <div
        className="tableobject-cell-primary"
      >
        <div>
          Email addresses
          <a
            aria-label="info"
            className="link"
            href="https://docs.github.com/v3/apps/permissions/#permission-on-emails"
          >
            <img
              alt=""
              className="info-img"
              height="16px"
              src="icon.png"
              width="16px"
            />
          </a>
        </div>
        <p
          className="note"
        >
          Manage a user's email addresses.
        </p>
      </div>
      <div
        className="tableobject-cell-intermediate"
      >
        Access:
      </div>
      <div
        className="tableobject-cell-secondary"
      >
        <details
          className="SelectMenu__StyledSelectMenu-sc-12xd8o8-0 dxFRtv select-menu"
          onToggle={[Function]}
          open={false}
        >
          <summary
            className="ButtonBase-exshql-0 Button-sc-1cuu878-0 bdhCrA iJXmtE selectmenu-button"
            style={
              Object {
                "backgroundColor": "#fff",
                "border": "1px solid #8A8886",
                "borderRadius": "2px",
                "lineHeight": "18px",
                "padding": "2px",
                "width": "180px",
              }
            }
          >
            <span
              className="selectmenu-button-text"
            >
              No access
            </span>
            <img
              alt=""
              className="down-img"
              src="downarrow.png"
            />
          </summary>
          <div
            className="SelectMenuModal__ModalWrapper-fv9zw3-1 dlCqxE"
            role="menu"
          >
            <div
              className="SelectMenuModal__Modal-fv9zw3-0 cdquUy"
              width="185px"
            >
              <header
                className="SelectMenuHeader__StyledHeader-sc-1njvopm-1 iFZGXN"
                style={
                  Object {
                    "height": "24px",
                    "padding": "0",
                  }
                }
              >
                <h3
                  className="SelectMenuHeader__SelectMenuTitle-sc-1njvopm-0 ggeHFz"
                >
                  <span
                    className="select-menu-header-text"
                  >
                    Select an access level
                  </span>
                  <button
                    aria-label="close menu"
                    className="cross-img-button"
                    onClick={[Function]}
                    type="button"
                  >
                    <img
                      alt=""
                      className="cross-img"
                      height="10px"
                      src="cross.png"
                      width="10px"
                    />
                  </button>
                </h3>
              </header>
              <div
                className="SelectMenuList-uflcju-0 erwbXU"
              >
                <a
                  aria-checked={false}
                  className="SelectMenuItem__StyledItem-sc-13zu9d-0 jDrvbI"
                  href="#"
                  id="emailaddresses0"
                  onClick={[Function]}
                  role="menuitemcheckbox"
                  style={
                    Object {
                      "height": "24px",
                      "padding": "0px",
                    }
                  }
                >
                  <svg
                    aria-hidden="true"
                    className="StyledOcticon-sc-7ly0uy-0 fBbUTV SelectMenu-icon SelectMenu-selected-icon"
                    dangerouslySetInnerHTML={
                      Object {
                        "__html": "<path fill-rule=\\"evenodd\\" d=\\"M13.78 4.22a.75.75 0 010 1.06l-7.25 7.25a.75.75 0 01-1.06 0L2.22 9.28a.75.75 0 011.06-1.06L6 10.94l6.72-6.72a.75.75 0 011.06 0z\\"></path>",
                      }
                    }
                    fill="currentColor"
                    height={16}
                    role="img"
                    style={
                      Object {
                        "display": "inline-block",
                        "userSelect": "none",
                        "verticalAlign": "text-bottom",
                      }
                    }
                    viewBox="0 0 16 16"
                    width={16}
                  />
                  <div
                    className="input-access"
                  >
                    <div
                      className="input-access-tick"
                    >
                      <img
                        alt=""
                        aria-label="checked"
                        className="tick-img"
                        height="16px"
                        hidden={false}
                        src="tick.png"
                        width="16px"
                      />
                    </div>
                    <div
                      aria-checked={true}
                      className="input-access-text"
                    >
                      No access
                    </div>
                  </div>
                </a>
                <a
                  aria-checked={false}
                  className="SelectMenuItem__StyledItem-sc-13zu9d-0 jDrvbI"
                  href="#"
                  id="emailaddresses1"
                  onClick={[Function]}
                  role="menuitemcheckbox"
                  style={
                    Object {
                      "height": "24px",
                      "padding": "0px",
                    }
                  }
                >
                  <svg
                    aria-hidden="true"
                    className="StyledOcticon-sc-7ly0uy-0 fBbUTV SelectMenu-icon SelectMenu-selected-icon"
                    dangerouslySetInnerHTML={
                      Object {
                        "__html": "<path fill-rule=\\"evenodd\\" d=\\"M13.78 4.22a.75.75 0 010 1.06l-7.25 7.25a.75.75 0 01-1.06 0L2.22 9.28a.75.75 0 011.06-1.06L6 10.94l6.72-6.72a.75.75 0 011.06 0z\\"></path>",
                      }
                    }
                    fill="currentColor"
                    height={16}
                    role="img"
                    style={
                      Object {
                        "display": "inline-block",
                        "userSelect": "none",
                        "verticalAlign": "text-bottom",
                      }
                    }
                    viewBox="0 0 16 16"
                    width={16}
                  />
                  <div
                    className="input-access"
                  >
                    <div
                      className="input-access-tick"
                    >
                      <img
                        alt=""
                        aria-label="checked"
                        className="tick-img"
                        height="16px"
                        hidden={true}
                        src="tick.png"
                        width="16px"
                      />
                    </div>
                    <div
                      aria-checked={true}
                      className="input-access-text"
                    >
                      Read-only
                    </div>
                  </div>
                </a>
                <a
                  aria-checked={false}
                  className="SelectMenuItem__StyledItem-sc-13zu9d-0 jDrvbI"
                  href="#"
                  id="emailaddresses2"
                  onClick={[Function]}
                  role="menuitemcheckbox"
                  style={
                    Object {
                      "height": "24px",
                      "padding": "0px",
                    }
                  }
                >
                  <svg
                    aria-hidden="true"
                    className="StyledOcticon-sc-7ly0uy-0 fBbUTV SelectMenu-icon SelectMenu-selected-icon"
                    dangerouslySetInnerHTML={
                      Object {
                        "__html": "<path fill-rule=\\"evenodd\\" d=\\"M13.78 4.22a.75.75 0 010 1.06l-7.25 7.25a.75.75 0 01-1.06 0L2.22 9.28a.75.75 0 011.06-1.06L6 10.94l6.72-6.72a.75.75 0 011.06 0z\\"></path>",
                      }
                    }
                    fill="currentColor"
                    height={16}
                    role="img"
                    style={
                      Object {
                        "display": "inline-block",
                        "userSelect": "none",
                        "verticalAlign": "text-bottom",
                      }
                    }
                    viewBox="0 0 16 16"
                    width={16}
                  />
                  <div
                    className="input-access"
                  >
                    <div
                      className="input-access-tick"
                    >
                      <img
                        alt=""
                        aria-label="checked"
                        className="tick-img"
                        height="16px"
                        hidden={true}
                        src="tick.png"
                        width="16px"
                      />
                    </div>
                    <div
                      aria-checked={true}
                      className="input-access-text"
                    >
                      Read & Write
                    </div>
                  </div>
                </a>
              </div>
            </div>
          </div>
        </details>
      </div>
    </div>
    <div
      className="user-permission-item tableobject"
    >
      <div
        className="tableobject-cell-primary"
      >
        <div>
          Followers
          <a
            aria-label="info"
            className="link"
            href="https://docs.github.com/v3/apps/permissions/#permission-on-followers"
          >
            <img
              alt=""
              className="info-img"
              height="16px"
              src="icon.png"
              width="16px"
            />
          </a>
        </div>
        <p
          className="note"
        >
          A user's followers
        </p>
      </div>
      <div
        className="tableobject-cell-intermediate"
      >
        Access:
      </div>
      <div
        className="tableobject-cell-secondary"
      >
        <details
          className="SelectMenu__StyledSelectMenu-sc-12xd8o8-0 dxFRtv select-menu"
          onToggle={[Function]}
          open={false}
        >
          <summary
            className="ButtonBase-exshql-0 Button-sc-1cuu878-0 bdhCrA iJXmtE selectmenu-button"
            style={
              Object {
                "backgroundColor": "#fff",
                "border": "1px solid #8A8886",
                "borderRadius": "2px",
                "lineHeight": "18px",
                "padding": "2px",
                "width": "180px",
              }
            }
          >
            <span
              className="selectmenu-button-text"
            >
              No access
            </span>
            <img
              alt=""
              className="down-img"
              src="downarrow.png"
            />
          </summary>
          <div
            className="SelectMenuModal__ModalWrapper-fv9zw3-1 dlCqxE"
            role="menu"
          >
            <div
              className="SelectMenuModal__Modal-fv9zw3-0 cdquUy"
              width="185px"
            >
              <header
                className="SelectMenuHeader__StyledHeader-sc-1njvopm-1 iFZGXN"
                style={
                  Object {
                    "height": "24px",
                    "padding": "0",
                  }
                }
              >
                <h3
                  className="SelectMenuHeader__SelectMenuTitle-sc-1njvopm-0 ggeHFz"
                >
                  <span
                    className="select-menu-header-text"
                  >
                    Select an access level
                  </span>
                  <button
                    aria-label="close menu"
                    className="cross-img-button"
                    onClick={[Function]}
                    type="button"
                  >
                    <img
                      alt=""
                      className="cross-img"
                      height="10px"
                      src="cross.png"
                      width="10px"
                    />
                  </button>
                </h3>
              </header>
              <div
                className="SelectMenuList-uflcju-0 erwbXU"
              >
                <a
                  aria-checked={false}
                  className="SelectMenuItem__StyledItem-sc-13zu9d-0 jDrvbI"
                  href="#"
                  id="followers0"
                  onClick={[Function]}
                  role="menuitemcheckbox"
                  style={
                    Object {
                      "height": "24px",
                      "padding": "0px",
                    }
                  }
                >
                  <svg
                    aria-hidden="true"
                    className="StyledOcticon-sc-7ly0uy-0 fBbUTV SelectMenu-icon SelectMenu-selected-icon"
                    dangerouslySetInnerHTML={
                      Object {
                        "__html": "<path fill-rule=\\"evenodd\\" d=\\"M13.78 4.22a.75.75 0 010 1.06l-7.25 7.25a.75.75 0 01-1.06 0L2.22 9.28a.75.75 0 011.06-1.06L6 10.94l6.72-6.72a.75.75 0 011.06 0z\\"></path>",
                      }
                    }
                    fill="currentColor"
                    height={16}
                    role="img"
                    style={
                      Object {
                        "display": "inline-block",
                        "userSelect": "none",
                        "verticalAlign": "text-bottom",
                      }
                    }
                    viewBox="0 0 16 16"
                    width={16}
                  />
                  <div
                    className="input-access"
                  >
                    <div
                      className="input-access-tick"
                    >
                      <img
                        alt=""
                        aria-label="checked"
                        className="tick-img"
                        height="16px"
                        hidden={false}
                        src="tick.png"
                        width="16px"
                      />
                    </div>
                    <div
                      aria-checked={true}
                      className="input-access-text"
                    >
                      No access
                    </div>
                  </div>
                </a>
                <a
                  aria-checked={false}
                  className="SelectMenuItem__StyledItem-sc-13zu9d-0 jDrvbI"
                  href="#"
                  id="followers1"
                  onClick={[Function]}
                  role="menuitemcheckbox"
                  style={
                    Object {
                      "height": "24px",
                      "padding": "0px",
                    }
                  }
                >
                  <svg
                    aria-hidden="true"
                    className="StyledOcticon-sc-7ly0uy-0 fBbUTV SelectMenu-icon SelectMenu-selected-icon"
                    dangerouslySetInnerHTML={
                      Object {
                        "__html": "<path fill-rule=\\"evenodd\\" d=\\"M13.78 4.22a.75.75 0 010 1.06l-7.25 7.25a.75.75 0 01-1.06 0L2.22 9.28a.75.75 0 011.06-1.06L6 10.94l6.72-6.72a.75.75 0 011.06 0z\\"></path>",
                      }
                    }
                    fill="currentColor"
                    height={16}
                    role="img"
                    style={
                      Object {
                        "display": "inline-block",
                        "userSelect": "none",
                        "verticalAlign": "text-bottom",
                      }
                    }
                    viewBox="0 0 16 16"
                    width={16}
                  />
                  <div
                    className="input-access"
                  >
                    <div
                      className="input-access-tick"
                    >
                      <img
                        alt=""
                        aria-label="checked"
                        className="tick-img"
                        height="16px"
                        hidden={true}
                        src="tick.png"
                        width="16px"
                      />
                    </div>
                    <div
                      aria-checked={true}
                      className="input-access-text"
                    >
                      Read-only
                    </div>
                  </div>
                </a>
                <a
                  aria-checked={false}
                  className="SelectMenuItem__StyledItem-sc-13zu9d-0 jDrvbI"
                  href="#"
                  id="followers2"
                  onClick={[Function]}
                  role="menuitemcheckbox"
                  style={
                    Object {
                      "height": "24px",
                      "padding": "0px",
                    }
                  }
                >
                  <svg
                    aria-hidden="true"
                    className="StyledOcticon-sc-7ly0uy-0 fBbUTV SelectMenu-icon SelectMenu-selected-icon"
                    dangerouslySetInnerHTML={
                      Object {
                        "__html": "<path fill-rule=\\"evenodd\\" d=\\"M13.78 4.22a.75.75 0 010 1.06l-7.25 7.25a.75.75 0 01-1.06 0L2.22 9.28a.75.75 0 011.06-1.06L6 10.94l6.72-6.72a.75.75 0 011.06 0z\\"></path>",
                      }
                    }
                    fill="currentColor"
                    height={16}
                    role="img"
                    style={
                      Object {
                        "display": "inline-block",
                        "userSelect": "none",
                        "verticalAlign": "text-bottom",
                      }
                    }
                    viewBox="0 0 16 16"
                    width={16}
                  />
                  <div
                    className="input-access"
                  >
                    <div
                      className="input-access-tick"
                    >
                      <img
                        alt=""
                        aria-label="checked"
                        className="tick-img"
                        height="16px"
                        hidden={true}
                        src="tick.png"
                        width="16px"
                      />
                    </div>
                    <div
                      aria-checked={true}
                      className="input-access-text"
                    >
                      Read & Write
                    </div>
                  </div>
                </a>
              </div>
            </div>
          </div>
        </details>
      </div>
    </div>
    <div
      className="user-permission-item tableobject"
    >
      <div
        className="tableobject-cell-primary"
      >
        <div>
          GPG keys
          <a
            aria-label="info"
            className="link"
            href="https://docs.github.com/v3/apps/permissions/#permission-on-gpg-keys"
          >
            <img
              alt=""
              className="info-img"
              height="16px"
              src="icon.png"
              width="16px"
            />
          </a>
        </div>
        <p
          className="note"
        >
          View and manage a user's GPG keys.
        </p>
      </div>
      <div
        className="tableobject-cell-intermediate"
      >
        Access:
      </div>
      <div
        className="tableobject-cell-secondary"
      >
        <details
          className="SelectMenu__StyledSelectMenu-sc-12xd8o8-0 dxFRtv select-menu"
          onToggle={[Function]}
          open={false}
        >
          <summary
            className="ButtonBase-exshql-0 Button-sc-1cuu878-0 bdhCrA iJXmtE selectmenu-button"
            style={
              Object {
                "backgroundColor": "#fff",
                "border": "1px solid #8A8886",
                "borderRadius": "2px",
                "lineHeight": "18px",
                "padding": "2px",
                "width": "180px",
              }
            }
          >
            <span
              className="selectmenu-button-text"
            >
              No access
            </span>
            <img
              alt=""
              className="down-img"
              src="downarrow.png"
            />
          </summary>
          <div
            className="SelectMenuModal__ModalWrapper-fv9zw3-1 dlCqxE"
            role="menu"
          >
            <div
              className="SelectMenuModal__Modal-fv9zw3-0 cdquUy"
              width="185px"
            >
              <header
                className="SelectMenuHeader__StyledHeader-sc-1njvopm-1 iFZGXN"
                style={
                  Object {
                    "height": "24px",
                    "padding": "0",
                  }
                }
              >
                <h3
                  className="SelectMenuHeader__SelectMenuTitle-sc-1njvopm-0 ggeHFz"
                >
                  <span
                    className="select-menu-header-text"
                  >
                    Select an access level
                  </span>
                  <button
                    aria-label="close menu"
                    className="cross-img-button"
                    onClick={[Function]}
                    type="button"
                  >
                    <img
                      alt=""
                      className="cross-img"
                      height="10px"
                      src="cross.png"
                      width="10px"
                    />
                  </button>
                </h3>
              </header>
              <div
                className="SelectMenuList-uflcju-0 erwbXU"
              >
                <a
                  aria-checked={false}
                  className="SelectMenuItem__StyledItem-sc-13zu9d-0 jDrvbI"
                  href="#"
                  id="gpgkeys0"
                  onClick={[Function]}
                  role="menuitemcheckbox"
                  style={
                    Object {
                      "height": "24px",
                      "padding": "0px",
                    }
                  }
                >
                  <svg
                    aria-hidden="true"
                    className="StyledOcticon-sc-7ly0uy-0 fBbUTV SelectMenu-icon SelectMenu-selected-icon"
                    dangerouslySetInnerHTML={
                      Object {
                        "__html": "<path fill-rule=\\"evenodd\\" d=\\"M13.78 4.22a.75.75 0 010 1.06l-7.25 7.25a.75.75 0 01-1.06 0L2.22 9.28a.75.75 0 011.06-1.06L6 10.94l6.72-6.72a.75.75 0 011.06 0z\\"></path>",
                      }
                    }
                    fill="currentColor"
                    height={16}
                    role="img"
                    style={
                      Object {
                        "display": "inline-block",
                        "userSelect": "none",
                        "verticalAlign": "text-bottom",
                      }
                    }
                    viewBox="0 0 16 16"
                    width={16}
                  />
                  <div
                    className="input-access"
                  >
                    <div
                      className="input-access-tick"
                    >
                      <img
                        alt=""
                        aria-label="checked"
                        className="tick-img"
                        height="16px"
                        hidden={false}
                        src="tick.png"
                        width="16px"
                      />
                    </div>
                    <div
                      aria-checked={true}
                      className="input-access-text"
                    >
                      No access
                    </div>
                  </div>
                </a>
                <a
                  aria-checked={false}
                  className="SelectMenuItem__StyledItem-sc-13zu9d-0 jDrvbI"
                  href="#"
                  id="gpgkeys1"
                  onClick={[Function]}
                  role="menuitemcheckbox"
                  style={
                    Object {
                      "height": "24px",
                      "padding": "0px",
                    }
                  }
                >
                  <svg
                    aria-hidden="true"
                    className="StyledOcticon-sc-7ly0uy-0 fBbUTV SelectMenu-icon SelectMenu-selected-icon"
                    dangerouslySetInnerHTML={
                      Object {
                        "__html": "<path fill-rule=\\"evenodd\\" d=\\"M13.78 4.22a.75.75 0 010 1.06l-7.25 7.25a.75.75 0 01-1.06 0L2.22 9.28a.75.75 0 011.06-1.06L6 10.94l6.72-6.72a.75.75 0 011.06 0z\\"></path>",
                      }
                    }
                    fill="currentColor"
                    height={16}
                    role="img"
                    style={
                      Object {
                        "display": "inline-block",
                        "userSelect": "none",
                        "verticalAlign": "text-bottom",
                      }
                    }
                    viewBox="0 0 16 16"
                    width={16}
                  />
                  <div
                    className="input-access"
                  >
                    <div
                      className="input-access-tick"
                    >
                      <img
                        alt=""
                        aria-label="checked"
                        className="tick-img"
                        height="16px"
                        hidden={true}
                        src="tick.png"
                        width="16px"
                      />
                    </div>
                    <div
                      aria-checked={true}
                      className="input-access-text"
                    >
                      Read-only
                    </div>
                  </div>
                </a>
                <a
                  aria-checked={false}
                  className="SelectMenuItem__StyledItem-sc-13zu9d-0 jDrvbI"
                  href="#"
                  id="gpgkeys2"
                  onClick={[Function]}
                  role="menuitemcheckbox"
                  style={
                    Object {
                      "height": "24px",
                      "padding": "0px",
                    }
                  }
                >
                  <svg
                    aria-hidden="true"
                    className="StyledOcticon-sc-7ly0uy-0 fBbUTV SelectMenu-icon SelectMenu-selected-icon"
                    dangerouslySetInnerHTML={
                      Object {
                        "__html": "<path fill-rule=\\"evenodd\\" d=\\"M13.78 4.22a.75.75 0 010 1.06l-7.25 7.25a.75.75 0 01-1.06 0L2.22 9.28a.75.75 0 011.06-1.06L6 10.94l6.72-6.72a.75.75 0 011.06 0z\\"></path>",
                      }
                    }
                    fill="currentColor"
                    height={16}
                    role="img"
                    style={
                      Object {
                        "display": "inline-block",
                        "userSelect": "none",
                        "verticalAlign": "text-bottom",
                      }
                    }
                    viewBox="0 0 16 16"
                    width={16}
                  />
                  <div
                    className="input-access"
                  >
                    <div
                      className="input-access-tick"
                    >
                      <img
                        alt=""
                        aria-label="checked"
                        className="tick-img"
                        height="16px"
                        hidden={true}
                        src="tick.png"
                        width="16px"
                      />
                    </div>
                    <div
                      aria-checked={true}
                      className="input-access-text"
                    >
                      Read & Write
                    </div>
                  </div>
                </a>
              </div>
            </div>
          </div>
        </details>
      </div>
    </div>
    <div
      className="user-permission-item tableobject"
    >
      <div
        className="tableobject-cell-primary"
      >
        <div>
          Git SSH keys
          <a
            aria-label="info"
            className="link"
            href="https://docs.github.com/v3/apps/permissions/#permission-on-keys"
          >
            <img
              alt=""
              className="info-img"
              height="16px"
              src="icon.png"
              width="16px"
            />
          </a>
        </div>
        <p
          className="note"
        >
          Git SSH keys
        </p>
      </div>
      <div
        className="tableobject-cell-intermediate"
      >
        Access:
      </div>
      <div
        className="tableobject-cell-secondary"
      >
        <details
          className="SelectMenu__StyledSelectMenu-sc-12xd8o8-0 dxFRtv select-menu"
          onToggle={[Function]}
          open={false}
        >
          <summary
            className="ButtonBase-exshql-0 Button-sc-1cuu878-0 bdhCrA iJXmtE selectmenu-button"
            style={
              Object {
                "backgroundColor": "#fff",
                "border": "1px solid #8A8886",
                "borderRadius": "2px",
                "lineHeight": "18px",
                "padding": "2px",
                "width": "180px",
              }
            }
          >
            <span
              className="selectmenu-button-text"
            >
              No access
            </span>
            <img
              alt=""
              className="down-img"
              src="downarrow.png"
            />
          </summary>
          <div
            className="SelectMenuModal__ModalWrapper-fv9zw3-1 dlCqxE"
            role="menu"
          >
            <div
              className="SelectMenuModal__Modal-fv9zw3-0 cdquUy"
              width="185px"
            >
              <header
                className="SelectMenuHeader__StyledHeader-sc-1njvopm-1 iFZGXN"
                style={
                  Object {
                    "height": "24px",
                    "padding": "0",
                  }
                }
              >
                <h3
                  className="SelectMenuHeader__SelectMenuTitle-sc-1njvopm-0 ggeHFz"
                >
                  <span
                    className="select-menu-header-text"
                  >
                    Select an access level
                  </span>
                  <button
                    aria-label="close menu"
                    className="cross-img-button"
                    onClick={[Function]}
                    type="button"
                  >
                    <img
                      alt=""
                      className="cross-img"
                      height="10px"
                      src="cross.png"
                      width="10px"
                    />
                  </button>
                </h3>
              </header>
              <div
                className="SelectMenuList-uflcju-0 erwbXU"
              >
                <a
                  aria-checked={false}
                  className="SelectMenuItem__StyledItem-sc-13zu9d-0 jDrvbI"
                  href="#"
                  id="gitsshkeys0"
                  onClick={[Function]}
                  role="menuitemcheckbox"
                  style={
                    Object {
                      "height": "24px",
                      "padding": "0px",
                    }
                  }
                >
                  <svg
                    aria-hidden="true"
                    className="StyledOcticon-sc-7ly0uy-0 fBbUTV SelectMenu-icon SelectMenu-selected-icon"
                    dangerouslySetInnerHTML={
                      Object {
                        "__html": "<path fill-rule=\\"evenodd\\" d=\\"M13.78 4.22a.75.75 0 010 1.06l-7.25 7.25a.75.75 0 01-1.06 0L2.22 9.28a.75.75 0 011.06-1.06L6 10.94l6.72-6.72a.75.75 0 011.06 0z\\"></path>",
                      }
                    }
                    fill="currentColor"
                    height={16}
                    role="img"
                    style={
                      Object {
                        "display": "inline-block",
                        "userSelect": "none",
                        "verticalAlign": "text-bottom",
                      }
                    }
                    viewBox="0 0 16 16"
                    width={16}
                  />
                  <div
                    className="input-access"
                  >
                    <div
                      className="input-access-tick"
                    >
                      <img
                        alt=""
                        aria-label="checked"
                        className="tick-img"
                        height="16px"
                        hidden={false}
                        src="tick.png"
                        width="16px"
                      />
                    </div>
                    <div
                      aria-checked={true}
                      className="input-access-text"
                    >
                      No access
                    </div>
                  </div>
                </a>
                <a
                  aria-checked={false}
                  className="SelectMenuItem__StyledItem-sc-13zu9d-0 jDrvbI"
                  href="#"
                  id="gitsshkeys1"
                  onClick={[Function]}
                  role="menuitemcheckbox"
                  style={
                    Object {
                      "height": "24px",
                      "padding": "0px",
                    }
                  }
                >
                  <svg
                    aria-hidden="true"
                    className="StyledOcticon-sc-7ly0uy-0 fBbUTV SelectMenu-icon SelectMenu-selected-icon"
                    dangerouslySetInnerHTML={
                      Object {
                        "__html": "<path fill-rule=\\"evenodd\\" d=\\"M13.78 4.22a.75.75 0 010 1.06l-7.25 7.25a.75.75 0 01-1.06 0L2.22 9.28a.75.75 0 011.06-1.06L6 10.94l6.72-6.72a.75.75 0 011.06 0z\\"></path>",
                      }
                    }
                    fill="currentColor"
                    height={16}
                    role="img"
                    style={
                      Object {
                        "display": "inline-block",
                        "userSelect": "none",
                        "verticalAlign": "text-bottom",
                      }
                    }
                    viewBox="0 0 16 16"
                    width={16}
                  />
                  <div
                    className="input-access"
                  >
                    <div
                      className="input-access-tick"
                    >
                      <img
                        alt=""
                        aria-label="checked"
                        className="tick-img"
                        height="16px"
                        hidden={true}
                        src="tick.png"
                        width="16px"
                      />
                    </div>
                    <div
                      aria-checked={true}
                      className="input-access-text"
                    >
                      Read-only
                    </div>
                  </div>
                </a>
                <a
                  aria-checked={false}
                  className="SelectMenuItem__StyledItem-sc-13zu9d-0 jDrvbI"
                  href="#"
                  id="gitsshkeys2"
                  onClick={[Function]}
                  role="menuitemcheckbox"
                  style={
                    Object {
                      "height": "24px",
                      "padding": "0px",
                    }
                  }
                >
                  <svg
                    aria-hidden="true"
                    className="StyledOcticon-sc-7ly0uy-0 fBbUTV SelectMenu-icon SelectMenu-selected-icon"
                    dangerouslySetInnerHTML={
                      Object {
                        "__html": "<path fill-rule=\\"evenodd\\" d=\\"M13.78 4.22a.75.75 0 010 1.06l-7.25 7.25a.75.75 0 01-1.06 0L2.22 9.28a.75.75 0 011.06-1.06L6 10.94l6.72-6.72a.75.75 0 011.06 0z\\"></path>",
                      }
                    }
                    fill="currentColor"
                    height={16}
                    role="img"
                    style={
                      Object {
                        "display": "inline-block",
                        "userSelect": "none",
                        "verticalAlign": "text-bottom",
                      }
                    }
                    viewBox="0 0 16 16"
                    width={16}
                  />
                  <div
                    className="input-access"
                  >
                    <div
                      className="input-access-tick"
                    >
                      <img
                        alt=""
                        aria-label="checked"
                        className="tick-img"
                        height="16px"
                        hidden={true}
                        src="tick.png"
                        width="16px"
                      />
                    </div>
                    <div
                      aria-checked={true}
                      className="input-access-text"
                    >
                      Read & Write
                    </div>
                  </div>
                </a>
              </div>
            </div>
          </div>
        </details>
      </div>
    </div>
    <div
      className="user-permission-item tableobject"
    >
      <div
        className="tableobject-cell-primary"
      >
        <div>
          Plan
          <a
            aria-label="info"
            className="link"
            href="https://docs.github.com/v3/apps/permissions/"
          >
            <img
              alt=""
              className="info-img"
              height="16px"
              src="icon.png"
              width="16px"
            />
          </a>
        </div>
        <p
          className="note"
        >
          View a user's plan.
        </p>
      </div>
      <div
        className="tableobject-cell-intermediate"
      >
        Access:
      </div>
      <div
        className="tableobject-cell-secondary"
      >
        <details
          className="SelectMenu__StyledSelectMenu-sc-12xd8o8-0 dxFRtv select-menu"
          onToggle={[Function]}
          open={false}
        >
          <summary
            className="ButtonBase-exshql-0 Button-sc-1cuu878-0 bdhCrA iJXmtE selectmenu-button"
            style={
              Object {
                "backgroundColor": "#fff",
                "border": "1px solid #8A8886",
                "borderRadius": "2px",
                "lineHeight": "18px",
                "padding": "2px",
                "width": "180px",
              }
            }
          >
            <span
              className="selectmenu-button-text"
            >
              No access
            </span>
            <img
              alt=""
              className="down-img"
              src="downarrow.png"
            />
          </summary>
          <div
            className="SelectMenuModal__ModalWrapper-fv9zw3-1 dlCqxE"
            role="menu"
          >
            <div
              className="SelectMenuModal__Modal-fv9zw3-0 cdquUy"
              width="185px"
            >
              <header
                className="SelectMenuHeader__StyledHeader-sc-1njvopm-1 iFZGXN"
                style={
                  Object {
                    "height": "24px",
                    "padding": "0",
                  }
                }
              >
                <h3
                  className="SelectMenuHeader__SelectMenuTitle-sc-1njvopm-0 ggeHFz"
                >
                  <span
                    className="select-menu-header-text"
                  >
                    Select an access level
                  </span>
                  <button
                    aria-label="close menu"
                    className="cross-img-button"
                    onClick={[Function]}
                    type="button"
                  >
                    <img
                      alt=""
                      className="cross-img"
                      height="10px"
                      src="cross.png"
                      width="10px"
                    />
                  </button>
                </h3>
              </header>
              <div
                className="SelectMenuList-uflcju-0 erwbXU"
              >
                <a
                  aria-checked={false}
                  className="SelectMenuItem__StyledItem-sc-13zu9d-0 jDrvbI"
                  href="#"
                  id="plan0"
                  onClick={[Function]}
                  role="menuitemcheckbox"
                  style={
                    Object {
                      "height": "24px",
                      "padding": "0px",
                    }
                  }
                >
                  <svg
                    aria-hidden="true"
                    className="StyledOcticon-sc-7ly0uy-0 fBbUTV SelectMenu-icon SelectMenu-selected-icon"
                    dangerouslySetInnerHTML={
                      Object {
                        "__html": "<path fill-rule=\\"evenodd\\" d=\\"M13.78 4.22a.75.75 0 010 1.06l-7.25 7.25a.75.75 0 01-1.06 0L2.22 9.28a.75.75 0 011.06-1.06L6 10.94l6.72-6.72a.75.75 0 011.06 0z\\"></path>",
                      }
                    }
                    fill="currentColor"
                    height={16}
                    role="img"
                    style={
                      Object {
                        "display": "inline-block",
                        "userSelect": "none",
                        "verticalAlign": "text-bottom",
                      }
                    }
                    viewBox="0 0 16 16"
                    width={16}
                  />
                  <div
                    className="input-access"
                  >
                    <div
                      className="input-access-tick"
                    >
                      <img
                        alt=""
                        aria-label="checked"
                        className="tick-img"
                        height="16px"
                        hidden={false}
                        src="tick.png"
                        width="16px"
                      />
                    </div>
                    <div
                      aria-checked={true}
                      className="input-access-text"
                    >
                      No access
                    </div>
                  </div>
                </a>
                <a
                  aria-checked={false}
                  className="SelectMenuItem__StyledItem-sc-13zu9d-0 jDrvbI"
                  href="#"
                  id="plan1"
                  onClick={[Function]}
                  role="menuitemcheckbox"
                  style={
                    Object {
                      "height": "24px",
                      "padding": "0px",
                    }
                  }
                >
                  <svg
                    aria-hidden="true"
                    className="StyledOcticon-sc-7ly0uy-0 fBbUTV SelectMenu-icon SelectMenu-selected-icon"
                    dangerouslySetInnerHTML={
                      Object {
                        "__html": "<path fill-rule=\\"evenodd\\" d=\\"M13.78 4.22a.75.75 0 010 1.06l-7.25 7.25a.75.75 0 01-1.06 0L2.22 9.28a.75.75 0 011.06-1.06L6 10.94l6.72-6.72a.75.75 0 011.06 0z\\"></path>",
                      }
                    }
                    fill="currentColor"
                    height={16}
                    role="img"
                    style={
                      Object {
                        "display": "inline-block",
                        "userSelect": "none",
                        "verticalAlign": "text-bottom",
                      }
                    }
                    viewBox="0 0 16 16"
                    width={16}
                  />
                  <div
                    className="input-access"
                  >
                    <div
                      className="input-access-tick"
                    >
                      <img
                        alt=""
                        aria-label="checked"
                        className="tick-img"
                        height="16px"
                        hidden={true}
                        src="tick.png"
                        width="16px"
                      />
                    </div>
                    <div
                      aria-checked={true}
                      className="input-access-text"
                    >
                      Read-only
                    </div>
                  </div>
                </a>
              </div>
            </div>
          </div>
        </details>
      </div>
    </div>
    <div
      className="user-permission-item tableobject"
    >
      <div
        className="tableobject-cell-primary"
      >
        <div>
          Starring
          <a
            aria-label="info"
            className="link"
            href="https://docs.github.com/v3/apps/permissions/#permission-on-starring"
          >
            <img
              alt=""
              className="info-img"
              height="16px"
              src="icon.png"
              width="16px"
            />
          </a>
        </div>
        <p
          className="note"
        >
          List and manage repositories a user is starring.
        </p>
      </div>
      <div
        className="tableobject-cell-intermediate"
      >
        Access:
      </div>
      <div
        className="tableobject-cell-secondary"
      >
        <details
          className="SelectMenu__StyledSelectMenu-sc-12xd8o8-0 dxFRtv select-menu"
          onToggle={[Function]}
          open={false}
        >
          <summary
            className="ButtonBase-exshql-0 Button-sc-1cuu878-0 bdhCrA iJXmtE selectmenu-button"
            style={
              Object {
                "backgroundColor": "#fff",
                "border": "1px solid #8A8886",
                "borderRadius": "2px",
                "lineHeight": "18px",
                "padding": "2px",
                "width": "180px",
              }
            }
          >
            <span
              className="selectmenu-button-text"
            >
              No access
            </span>
            <img
              alt=""
              className="down-img"
              src="downarrow.png"
            />
          </summary>
          <div
            className="SelectMenuModal__ModalWrapper-fv9zw3-1 dlCqxE"
            role="menu"
          >
            <div
              className="SelectMenuModal__Modal-fv9zw3-0 cdquUy"
              width="185px"
            >
              <header
                className="SelectMenuHeader__StyledHeader-sc-1njvopm-1 iFZGXN"
                style={
                  Object {
                    "height": "24px",
                    "padding": "0",
                  }
                }
              >
                <h3
                  className="SelectMenuHeader__SelectMenuTitle-sc-1njvopm-0 ggeHFz"
                >
                  <span
                    className="select-menu-header-text"
                  >
                    Select an access level
                  </span>
                  <button
                    aria-label="close menu"
                    className="cross-img-button"
                    onClick={[Function]}
                    type="button"
                  >
                    <img
                      alt=""
                      className="cross-img"
                      height="10px"
                      src="cross.png"
                      width="10px"
                    />
                  </button>
                </h3>
              </header>
              <div
                className="SelectMenuList-uflcju-0 erwbXU"
              >
                <a
                  aria-checked={false}
                  className="SelectMenuItem__StyledItem-sc-13zu9d-0 jDrvbI"
                  href="#"
                  id="starring0"
                  onClick={[Function]}
                  role="menuitemcheckbox"
                  style={
                    Object {
                      "height": "24px",
                      "padding": "0px",
                    }
                  }
                >
                  <svg
                    aria-hidden="true"
                    className="StyledOcticon-sc-7ly0uy-0 fBbUTV SelectMenu-icon SelectMenu-selected-icon"
                    dangerouslySetInnerHTML={
                      Object {
                        "__html": "<path fill-rule=\\"evenodd\\" d=\\"M13.78 4.22a.75.75 0 010 1.06l-7.25 7.25a.75.75 0 01-1.06 0L2.22 9.28a.75.75 0 011.06-1.06L6 10.94l6.72-6.72a.75.75 0 011.06 0z\\"></path>",
                      }
                    }
                    fill="currentColor"
                    height={16}
                    role="img"
                    style={
                      Object {
                        "display": "inline-block",
                        "userSelect": "none",
                        "verticalAlign": "text-bottom",
                      }
                    }
                    viewBox="0 0 16 16"
                    width={16}
                  />
                  <div
                    className="input-access"
                  >
                    <div
                      className="input-access-tick"
                    >
                      <img
                        alt=""
                        aria-label="checked"
                        className="tick-img"
                        height="16px"
                        hidden={false}
                        src="tick.png"
                        width="16px"
                      />
                    </div>
                    <div
                      aria-checked={true}
                      className="input-access-text"
                    >
                      No access
                    </div>
                  </div>
                </a>
                <a
                  aria-checked={false}
                  className="SelectMenuItem__StyledItem-sc-13zu9d-0 jDrvbI"
                  href="#"
                  id="starring1"
                  onClick={[Function]}
                  role="menuitemcheckbox"
                  style={
                    Object {
                      "height": "24px",
                      "padding": "0px",
                    }
                  }
                >
                  <svg
                    aria-hidden="true"
                    className="StyledOcticon-sc-7ly0uy-0 fBbUTV SelectMenu-icon SelectMenu-selected-icon"
                    dangerouslySetInnerHTML={
                      Object {
                        "__html": "<path fill-rule=\\"evenodd\\" d=\\"M13.78 4.22a.75.75 0 010 1.06l-7.25 7.25a.75.75 0 01-1.06 0L2.22 9.28a.75.75 0 011.06-1.06L6 10.94l6.72-6.72a.75.75 0 011.06 0z\\"></path>",
                      }
                    }
                    fill="currentColor"
                    height={16}
                    role="img"
                    style={
                      Object {
                        "display": "inline-block",
                        "userSelect": "none",
                        "verticalAlign": "text-bottom",
                      }
                    }
                    viewBox="0 0 16 16"
                    width={16}
                  />
                  <div
                    className="input-access"
                  >
                    <div
                      className="input-access-tick"
                    >
                      <img
                        alt=""
                        aria-label="checked"
                        className="tick-img"
                        height="16px"
                        hidden={true}
                        src="tick.png"
                        width="16px"
                      />
                    </div>
                    <div
                      aria-checked={true}
                      className="input-access-text"
                    >
                      Read-only
                    </div>
                  </div>
                </a>
                <a
                  aria-checked={false}
                  className="SelectMenuItem__StyledItem-sc-13zu9d-0 jDrvbI"
                  href="#"
                  id="starring2"
                  onClick={[Function]}
                  role="menuitemcheckbox"
                  style={
                    Object {
                      "height": "24px",
                      "padding": "0px",
                    }
                  }
                >
                  <svg
                    aria-hidden="true"
                    className="StyledOcticon-sc-7ly0uy-0 fBbUTV SelectMenu-icon SelectMenu-selected-icon"
                    dangerouslySetInnerHTML={
                      Object {
                        "__html": "<path fill-rule=\\"evenodd\\" d=\\"M13.78 4.22a.75.75 0 010 1.06l-7.25 7.25a.75.75 0 01-1.06 0L2.22 9.28a.75.75 0 011.06-1.06L6 10.94l6.72-6.72a.75.75 0 011.06 0z\\"></path>",
                      }
                    }
                    fill="currentColor"
                    height={16}
                    role="img"
                    style={
                      Object {
                        "display": "inline-block",
                        "userSelect": "none",
                        "verticalAlign": "text-bottom",
                      }
                    }
                    viewBox="0 0 16 16"
                    width={16}
                  />
                  <div
                    className="input-access"
                  >
                    <div
                      className="input-access-tick"
                    >
                      <img
                        alt=""
                        aria-label="checked"
                        className="tick-img"
                        height="16px"
                        hidden={true}
                        src="tick.png"
                        width="16px"
                      />
                    </div>
                    <div
                      aria-checked={true}
                      className="input-access-text"
                    >
                      Read & Write
                    </div>
                  </div>
                </a>
              </div>
            </div>
          </div>
        </details>
      </div>
    </div>
    <div
      className="user-permission-item tableobject"
    >
      <div
        className="tableobject-cell-primary"
      >
        <div>
          Watching 
          <a
            aria-label="info"
            className="link"
            href="https://docs.github.com/v3/apps/permissions/#permission-on-watching"
          >
            <img
              alt=""
              className="info-img"
              height="16px"
              src="icon.png"
              width="16px"
            />
          </a>
        </div>
        <p
          className="note"
        >
          List and change repositories a user is subscribed to.
        </p>
      </div>
      <div
        className="tableobject-cell-intermediate"
      >
        Access:
      </div>
      <div
        className="tableobject-cell-secondary"
      >
        <details
          className="SelectMenu__StyledSelectMenu-sc-12xd8o8-0 dxFRtv select-menu"
          onToggle={[Function]}
          open={false}
        >
          <summary
            className="ButtonBase-exshql-0 Button-sc-1cuu878-0 bdhCrA iJXmtE selectmenu-button"
            style={
              Object {
                "backgroundColor": "#fff",
                "border": "1px solid #8A8886",
                "borderRadius": "2px",
                "lineHeight": "18px",
                "padding": "2px",
                "width": "180px",
              }
            }
          >
            <span
              className="selectmenu-button-text"
            >
              No access
            </span>
            <img
              alt=""
              className="down-img"
              src="downarrow.png"
            />
          </summary>
          <div
            className="SelectMenuModal__ModalWrapper-fv9zw3-1 dlCqxE"
            role="menu"
          >
            <div
              className="SelectMenuModal__Modal-fv9zw3-0 cdquUy"
              width="185px"
            >
              <header
                className="SelectMenuHeader__StyledHeader-sc-1njvopm-1 iFZGXN"
                style={
                  Object {
                    "height": "24px",
                    "padding": "0",
                  }
                }
              >
                <h3
                  className="SelectMenuHeader__SelectMenuTitle-sc-1njvopm-0 ggeHFz"
                >
                  <span
                    className="select-menu-header-text"
                  >
                    Select an access level
                  </span>
                  <button
                    aria-label="close menu"
                    className="cross-img-button"
                    onClick={[Function]}
                    type="button"
                  >
                    <img
                      alt=""
                      className="cross-img"
                      height="10px"
                      src="cross.png"
                      width="10px"
                    />
                  </button>
                </h3>
              </header>
              <div
                className="SelectMenuList-uflcju-0 erwbXU"
              >
                <a
                  aria-checked={false}
                  className="SelectMenuItem__StyledItem-sc-13zu9d-0 jDrvbI"
                  href="#"
                  id="watching0"
                  onClick={[Function]}
                  role="menuitemcheckbox"
                  style={
                    Object {
                      "height": "24px",
                      "padding": "0px",
                    }
                  }
                >
                  <svg
                    aria-hidden="true"
                    className="StyledOcticon-sc-7ly0uy-0 fBbUTV SelectMenu-icon SelectMenu-selected-icon"
                    dangerouslySetInnerHTML={
                      Object {
                        "__html": "<path fill-rule=\\"evenodd\\" d=\\"M13.78 4.22a.75.75 0 010 1.06l-7.25 7.25a.75.75 0 01-1.06 0L2.22 9.28a.75.75 0 011.06-1.06L6 10.94l6.72-6.72a.75.75 0 011.06 0z\\"></path>",
                      }
                    }
                    fill="currentColor"
                    height={16}
                    role="img"
                    style={
                      Object {
                        "display": "inline-block",
                        "userSelect": "none",
                        "verticalAlign": "text-bottom",
                      }
                    }
                    viewBox="0 0 16 16"
                    width={16}
                  />
                  <div
                    className="input-access"
                  >
                    <div
                      className="input-access-tick"
                    >
                      <img
                        alt=""
                        aria-label="checked"
                        className="tick-img"
                        height="16px"
                        hidden={false}
                        src="tick.png"
                        width="16px"
                      />
                    </div>
                    <div
                      aria-checked={true}
                      className="input-access-text"
                    >
                      No access
                    </div>
                  </div>
                </a>
                <a
                  aria-checked={false}
                  className="SelectMenuItem__StyledItem-sc-13zu9d-0 jDrvbI"
                  href="#"
                  id="watching1"
                  onClick={[Function]}
                  role="menuitemcheckbox"
                  style={
                    Object {
                      "height": "24px",
                      "padding": "0px",
                    }
                  }
                >
                  <svg
                    aria-hidden="true"
                    className="StyledOcticon-sc-7ly0uy-0 fBbUTV SelectMenu-icon SelectMenu-selected-icon"
                    dangerouslySetInnerHTML={
                      Object {
                        "__html": "<path fill-rule=\\"evenodd\\" d=\\"M13.78 4.22a.75.75 0 010 1.06l-7.25 7.25a.75.75 0 01-1.06 0L2.22 9.28a.75.75 0 011.06-1.06L6 10.94l6.72-6.72a.75.75 0 011.06 0z\\"></path>",
                      }
                    }
                    fill="currentColor"
                    height={16}
                    role="img"
                    style={
                      Object {
                        "display": "inline-block",
                        "userSelect": "none",
                        "verticalAlign": "text-bottom",
                      }
                    }
                    viewBox="0 0 16 16"
                    width={16}
                  />
                  <div
                    className="input-access"
                  >
                    <div
                      className="input-access-tick"
                    >
                      <img
                        alt=""
                        aria-label="checked"
                        className="tick-img"
                        height="16px"
                        hidden={true}
                        src="tick.png"
                        width="16px"
                      />
                    </div>
                    <div
                      aria-checked={true}
                      className="input-access-text"
                    >
                      Read-only
                    </div>
                  </div>
                </a>
                <a
                  aria-checked={false}
                  className="SelectMenuItem__StyledItem-sc-13zu9d-0 jDrvbI"
                  href="#"
                  id="watching2"
                  onClick={[Function]}
                  role="menuitemcheckbox"
                  style={
                    Object {
                      "height": "24px",
                      "padding": "0px",
                    }
                  }
                >
                  <svg
                    aria-hidden="true"
                    className="StyledOcticon-sc-7ly0uy-0 fBbUTV SelectMenu-icon SelectMenu-selected-icon"
                    dangerouslySetInnerHTML={
                      Object {
                        "__html": "<path fill-rule=\\"evenodd\\" d=\\"M13.78 4.22a.75.75 0 010 1.06l-7.25 7.25a.75.75 0 01-1.06 0L2.22 9.28a.75.75 0 011.06-1.06L6 10.94l6.72-6.72a.75.75 0 011.06 0z\\"></path>",
                      }
                    }
                    fill="currentColor"
                    height={16}
                    role="img"
                    style={
                      Object {
                        "display": "inline-block",
                        "userSelect": "none",
                        "verticalAlign": "text-bottom",
                      }
                    }
                    viewBox="0 0 16 16"
                    width={16}
                  />
                  <div
                    className="input-access"
                  >
                    <div
                      className="input-access-tick"
                    >
                      <img
                        alt=""
                        aria-label="checked"
                        className="tick-img"
                        height="16px"
                        hidden={true}
                        src="tick.png"
                        width="16px"
                      />
                    </div>
                    <div
                      aria-checked={true}
                      className="input-access-text"
                    >
                      Read & Write
                    </div>
                  </div>
                </a>
              </div>
            </div>
          </div>
        </details>
      </div>
    </div>
  </div>
</div>
`;
